Archive member included because of file (symbol)

c:/program files/microchip/xc32/v1.41/bin/bin/../../lib/gcc/pic32mx/4.8.3/../../../../pic32mx/lib/size/micromips\libpic32.a(default-bootstrap-exception-handler.o)
                              c:/program files/microchip/xc32/v1.41/bin/bin/../../lib/gcc/pic32mx/4.8.3/../../../../pic32mx/lib/./proc/32MM0064GPL036/crt0_micromips.o (_bootstrap_exception_handler)
c:/program files/microchip/xc32/v1.41/bin/bin/../../lib/gcc/pic32mx/4.8.3/../../../../pic32mx/lib/size/micromips\libpic32.a(default-on-reset.o)
                              c:/program files/microchip/xc32/v1.41/bin/bin/../../lib/gcc/pic32mx/4.8.3/../../../../pic32mx/lib/./proc/32MM0064GPL036/crt0_micromips.o (_on_reset)
c:/program files/microchip/xc32/v1.41/bin/bin/../../lib/gcc/pic32mx/4.8.3/../../../../pic32mx/lib/size/micromips\libpic32.a(default-on-bootstrap.o)
                              c:/program files/microchip/xc32/v1.41/bin/bin/../../lib/gcc/pic32mx/4.8.3/../../../../pic32mx/lib/./proc/32MM0064GPL036/crt0_micromips.o (_on_bootstrap)
c:/program files/microchip/xc32/v1.41/bin/bin/../../lib/gcc/pic32mx/4.8.3/../../../../pic32mx/lib/size/micromips\libpic32.a(default-nmi-handler.o)
                              c:/program files/microchip/xc32/v1.41/bin/bin/../../lib/gcc/pic32mx/4.8.3/../../../../pic32mx/lib/./proc/32MM0064GPL036/crt0_micromips.o (_nmi_handler)
c:/program files/microchip/xc32/v1.41/bin/bin/../../lib/gcc/pic32mx/4.8.3/../../../../pic32mx/lib/size/micromips\libpic32.a(general-exception.o)
                              c:/program files/microchip/xc32/v1.41/bin/bin/../../lib/gcc/pic32mx/4.8.3/../../../../pic32mx/lib/./proc/32MM0064GPL036/crt0_micromips.o (_general_exception_context)
c:/program files/microchip/xc32/v1.41/bin/bin/../../lib/gcc/pic32mx/4.8.3/../../../../pic32mx/lib/size/micromips\libpic32.a(vector0.o)
                              c:/program files/microchip/xc32/v1.41/bin/bin/../../lib/gcc/pic32mx/4.8.3/../../../../pic32mx/lib/./proc/32MM0064GPL036\default_isr_vectors.o (__vector_dispatch_0)
c:/program files/microchip/xc32/v1.41/bin/bin/../../lib/gcc/pic32mx/4.8.3/../../../../pic32mx/lib/size/micromips\libpic32.a(vector1.o)
                              c:/program files/microchip/xc32/v1.41/bin/bin/../../lib/gcc/pic32mx/4.8.3/../../../../pic32mx/lib/./proc/32MM0064GPL036\default_isr_vectors.o (__vector_dispatch_1)
c:/program files/microchip/xc32/v1.41/bin/bin/../../lib/gcc/pic32mx/4.8.3/../../../../pic32mx/lib/size/micromips\libpic32.a(vector2.o)
                              c:/program files/microchip/xc32/v1.41/bin/bin/../../lib/gcc/pic32mx/4.8.3/../../../../pic32mx/lib/./proc/32MM0064GPL036\default_isr_vectors.o (__vector_dispatch_2)
c:/program files/microchip/xc32/v1.41/bin/bin/../../lib/gcc/pic32mx/4.8.3/../../../../pic32mx/lib/size/micromips\libpic32.a(vector3.o)
                              c:/program files/microchip/xc32/v1.41/bin/bin/../../lib/gcc/pic32mx/4.8.3/../../../../pic32mx/lib/./proc/32MM0064GPL036\default_isr_vectors.o (__vector_dispatch_3)
c:/program files/microchip/xc32/v1.41/bin/bin/../../lib/gcc/pic32mx/4.8.3/../../../../pic32mx/lib/size/micromips\libpic32.a(vector4.o)
                              c:/program files/microchip/xc32/v1.41/bin/bin/../../lib/gcc/pic32mx/4.8.3/../../../../pic32mx/lib/./proc/32MM0064GPL036\default_isr_vectors.o (__vector_dispatch_4)
c:/program files/microchip/xc32/v1.41/bin/bin/../../lib/gcc/pic32mx/4.8.3/../../../../pic32mx/lib/size/micromips\libpic32.a(vector5.o)
                              c:/program files/microchip/xc32/v1.41/bin/bin/../../lib/gcc/pic32mx/4.8.3/../../../../pic32mx/lib/./proc/32MM0064GPL036\default_isr_vectors.o (__vector_dispatch_5)
c:/program files/microchip/xc32/v1.41/bin/bin/../../lib/gcc/pic32mx/4.8.3/../../../../pic32mx/lib/size/micromips\libpic32.a(vector6.o)
                              c:/program files/microchip/xc32/v1.41/bin/bin/../../lib/gcc/pic32mx/4.8.3/../../../../pic32mx/lib/./proc/32MM0064GPL036\default_isr_vectors.o (__vector_dispatch_6)
c:/program files/microchip/xc32/v1.41/bin/bin/../../lib/gcc/pic32mx/4.8.3/../../../../pic32mx/lib/size/micromips\libpic32.a(vector7.o)
                              c:/program files/microchip/xc32/v1.41/bin/bin/../../lib/gcc/pic32mx/4.8.3/../../../../pic32mx/lib/./proc/32MM0064GPL036\default_isr_vectors.o (__vector_dispatch_7)
c:/program files/microchip/xc32/v1.41/bin/bin/../../lib/gcc/pic32mx/4.8.3/../../../../pic32mx/lib/size/micromips\libpic32.a(vector8.o)
                              c:/program files/microchip/xc32/v1.41/bin/bin/../../lib/gcc/pic32mx/4.8.3/../../../../pic32mx/lib/./proc/32MM0064GPL036\default_isr_vectors.o (__vector_dispatch_8)
c:/program files/microchip/xc32/v1.41/bin/bin/../../lib/gcc/pic32mx/4.8.3/../../../../pic32mx/lib/size/micromips\libpic32.a(vector9.o)
[...]
Memory Configuration

Name             Origin             Length             Attributes
kseg0_program_mem 0x9d000000         0x00010000         xr
debug_exec_mem   0x9fc00490         0x00000760
kseg0_boot_mem   0x9fc00490         0x00000000
kseg1_boot_mem   0xbfc00000         0x00000490
config_BFC017C4  0xbfc017c4         0x00000004
config_BFC017C8  0xbfc017c8         0x00000004
config_BFC017CC  0xbfc017cc         0x00000004
config_BFC017D0  0xbfc017d0         0x00000004
config_BFC017D4  0xbfc017d4         0x00000004
config_BFC017D8  0xbfc017d8         0x00000004
config_BFC017E0  0xbfc017e0         0x00000004
kseg0_data_mem   0x80000000         0x00002000         w !x
sfrs             0xbf800000         0x00100000
configsfrs_BFC017C0 0xbfc017c0         0x0000001c
*default*        0x00000000         0xffffffff

Linker script and memory map

LOAD c:/program files/microchip/xc32/v1.41/bin/bin/../../lib/gcc/pic32mx/4.8.3/../../../../pic32mx/lib/./proc/32MM0064GPL036/crt0_micromips.o
LOAD c:/program files/microchip/xc32/v1.41/bin/bin/../../lib/gcc/pic32mx/4.8.3/../../../../pic32mx/lib/size/micromips\debug-exception-return-mm.o
LOAD build/default/production/_ext/1456076783/i2c_master.o
LOAD build/default/production/i2c_master_eeprom_24fc256.o
LOAD build/default/production/master_demo_main.o
                0x00000001                __MPLAB_BUILD = 0x1
LOAD c:/program files/microchip/xc32/v1.41/bin/bin/../../lib/gcc/pic32mx/4.8.3/../../../../pic32mx/lib/./proc/32MM0064GPL036\default_isr_vectors.o
LOAD c:/program files/microchip/xc32/v1.41/bin/bin/../../lib/gcc/pic32mx/4.8.3/../../../../pic32mx/lib/size/micromips\pic32_software_reset-mm.o
                0x00000400                PROVIDE (_min_stack_size, 0x400)
LOAD c:/program files/microchip/xc32/v1.41/bin/bin/../../lib/gcc/pic32mx/4.8.3/../../../../pic32mx/lib/./proc/32MM0064GPL036\processor.o
                0x00000001                PROVIDE (_vector_spacing, 0x1)
                0x9d000000                PROVIDE (_ebase_address, 0x9d000000)
                0xbfc00000                _RESET_ADDR = 0xbfc00000
                0xbfc00380                _BEV_EXCPT_ADDR = 0xbfc00380
                0xbfc00480                _DBG_EXCPT_ADDR = 0xbfc00480
                0x9fc00490                _DBG_CODE_ADDR = 0x9fc00490
                0x00000760                _DBG_CODE_SIZE = 0x760
                0x9d000000                _SIMPLE_TLB_REFILL_EXCPT_ADDR = (_ebase_address + 0x0)
                0x9d000180                _GEN_EXCPT_ADDR = (_ebase_address + 0x180)

.config_BFC017C4
                0xbfc017c4        0x4
 *(.config_BFC017C4)
 .config_BFC017C4
                0xbfc017c4        0x4 build/default/production/master_demo_main.o

.config_BFC017C8
                0xbfc017c8        0x4
 *(.config_BFC017C8)
 .config_BFC017C8
                0xbfc017c8        0x4 build/default/production/master_demo_main.o

.config_BFC017CC
                0xbfc017cc        0x4
 *(.config_BFC017CC)
 .config_BFC017CC
                0xbfc017cc        0x4 build/default/production/master_demo_main.o

.config_BFC017D0
                0xbfc017d0        0x4
 *(.config_BFC017D0)
 .config_BFC017D0
                0xbfc017d0        0x4 build/default/production/master_demo_main.o

.config_BFC017D4
                0xbfc017d4        0x4
 *(.config_BFC017D4)
 .config_BFC017D4
                0xbfc017d4        0x4 build/default/production/master_demo_main.o

.config_BFC017D8
                0xbfc017d8        0x4
 *(.config_BFC017D8)
 .config_BFC017D8
                0xbfc017d8        0x4 build/default/production/master_demo_main.o

.config_BFC017E0
 *(.config_BFC017E0)

.reset          0xbfc00000      0x1cc
 *(.reset)
 .reset         0xbfc00000        0x8 c:/program files/microchip/xc32/v1.41/bin/bin/../../lib/gcc/pic32mx/4.8.3/../../../../pic32mx/lib/./proc/32MM0064GPL036/crt0_micromips.o
                0xbfc00001                _reset
 *(.reset.startup)
 .reset.startup
                0xbfc00008      0x1c4 c:/program files/microchip/xc32/v1.41/bin/bin/../../lib/gcc/pic32mx/4.8.3/../../../../pic32mx/lib/./proc/32MM0064GPL036/crt0_micromips.o

.bev_excpt      0xbfc00380        0xc
 *(.bev_handler)
 .bev_handler   0xbfc00380        0xc c:/program files/microchip/xc32/v1.41/bin/bin/../../lib/gcc/pic32mx/4.8.3/../../../../pic32mx/lib/./proc/32MM0064GPL036/crt0_micromips.o

.dbg_excpt      0xbfc00480        0x0
                0xbfc00480                . = (. + DEFINED (_DEBUGGER)?0x8:0x0)

.dbg_code       0x9fc00490        0x0
                0x9fc00490                . = (. + DEFINED (_DEBUGGER)?_DBG_CODE_SIZE:0x0)

.app_excpt      0x9d000180        0xc
 *(.gen_handler)
 .gen_handler   0x9d000180        0xc c:/program files/microchip/xc32/v1.41/bin/bin/../../lib/gcc/pic32mx/4.8.3/../../../../pic32mx/lib/./proc/32MM0064GPL036/crt0_micromips.o

.vector_0       0x9d000200        0x8
 *(.vector_0)
 .vector_0      0x9d000200        0x8 c:/program files/microchip/xc32/v1.41/bin/bin/../../lib/gcc/pic32mx/4.8.3/../../../../pic32mx/lib/size/micromips\libpic32.a(vector0.o)
                0x9d000201                __vector_dispatch_0
                0x00000001                ASSERT (((_vector_spacing == 0x0) || (SIZEOF (.vector_0) <= (_vector_spacing << 0x3))), function at exception vector 0 too large)

.vector_1       0x9d000208        0x8
 *(.vector_1)
 .vector_1      0x9d000208        0x8 c:/program files/microchip/xc32/v1.41/bin/bin/../../lib/gcc/pic32mx/4.8.3/../../../../pic32mx/lib/size/micromips\libpic32.a(vector1.o)
                0x9d000209                __vector_dispatch_1
                0x00000001                ASSERT (((_vector_spacing == 0x0) || (SIZEOF (.vector_1) <= (_vector_spacing << 0x3))), function at exception vector 1 too large)

.vector_2       0x9d000210        0x8
 *(.vector_2)
 .vector_2      0x9d000210        0x8 c:/program files/microchip/xc32/v1.41/bin/bin/../../lib/gcc/pic32mx/4.8.3/../../../../pic32mx/lib/size/micromips\libpic32.a(vector2.o)
                0x9d000211                __vector_dispatch_2
                0x00000001                ASSERT (((_vector_spacing == 0x0) || (SIZEOF (.vector_2) <= (_vector_spacing << 0x3))), function at exception vector 2 too large)

.vector_3       0x9d000218        0x8
 *(.vector_3)
 .vector_3      0x9d000218        0x8 c:/program files/microchip/xc32/v1.41/bin/bin/../../lib/gcc/pic32mx/4.8.3/../../../../pic32mx/lib/size/micromips\libpic32.a(vector3.o)
                0x9d000219                __vector_dispatch_3
                0x00000001                ASSERT (((_vector_spacing == 0x0) || (SIZEOF (.vector_3) <= (_vector_spacing << 0x3))), function at exception vector 3 too large)

.vector_4       0x9d000220        0x8
 *(.vector_4)
 .vector_4      0x9d000220        0x8 c:/program files/microchip/xc32/v1.41/bin/bin/../../lib/gcc/pic32mx/4.8.3/../../../../pic32mx/lib/size/micromips\libpic32.a(vector4.o)
                0x9d000221                __vector_dispatch_4
                0x00000001                ASSERT (((_vector_spacing == 0x0) || (SIZEOF (.vector_4) <= (_vector_spacing << 0x3))), function at exception vector 4 too large)

.vector_5       0x9d000228        0x8
 *(.vector_5)
 .vector_5      0x9d000228        0x8 c:/program files/microchip/xc32/v1.41/bin/bin/../../lib/gcc/pic32mx/4.8.3/../../../../pic32mx/lib/size/micromips\libpic32.a(vector5.o)
                0x9d000229                __vector_dispatch_5
                0x00000001                ASSERT (((_vector_spacing == 0x0) || (SIZEOF (.vector_5) <= (_vector_spacing << 0x3))), function at exception vector 5 too large)

.vector_6       0x9d000230        0x8
 *(.vector_6)
 .vector_6      0x9d000230        0x8 c:/program files/microchip/xc32/v1.41/bin/bin/../../lib/gcc/pic32mx/4.8.3/../../../../pic32mx/lib/size/micromips\libpic32.a(vector6.o)
                0x9d000231                __vector_dispatch_6
                0x00000001                ASSERT (((_vector_spacing == 0x0) || (SIZEOF (.vector_6) <= (_vector_spacing << 0x3))), function at exception vector 6 too large)

.vector_7       0x9d000238        0x8
 *(.vector_7)
 .vector_7      0x9d000238        0x8 c:/program files/microchip/xc32/v1.41/bin/bin/../../lib/gcc/pic32mx/4.8.3/../../../../pic32mx/lib/size/micromips\libpic32.a(vector7.o)
                0x9d000239                __vector_dispatch_7
                0x00000001                ASSERT (((_vector_spacing == 0x0) || (SIZEOF (.vector_7) <= (_vector_spacing << 0x3))), function at exception vector 7 too large)

.vector_8       0x9d000240        0x8
 *(.vector_8)
 .vector_8      0x9d000240        0x8 c:/program files/microchip/xc32/v1.41/bin/bin/../../lib/gcc/pic32mx/4.8.3/../../../../pic32mx/lib/size/micromips\libpic32.a(vector8.o)
                0x9d000241                __vector_dispatch_8
                0x00000001                ASSERT (((_vector_spacing == 0x0) || (SIZEOF (.vector_8) <= (_vector_spacing << 0x3))), function at exception vector 8 too large)

.vector_9       0x9d000248        0x8
 *(.vector_9)
 .vector_9      0x9d000248        0x8 c:/program files/microchip/xc32/v1.41/bin/bin/../../lib/gcc/pic32mx/4.8.3/../../../../pic32mx/lib/size/micromips\libpic32.a(vector9.o)
                0x9d000249                __vector_dispatch_9
                0x00000001                ASSERT (((_vector_spacing == 0x0) || (SIZEOF (.vector_9) <= (_vector_spacing << 0x3))), function at exception vector 9 too large)

.vector_10      0x9d000250        0x8
 *(.vector_10)
 .vector_10     0x9d000250        0x8 c:/program files/microchip/xc32/v1.41/bin/bin/../../lib/gcc/pic32mx/4.8.3/../../../../pic32mx/lib/size/micromips\libpic32.a(vector10.o)
                0x9d000251                __vector_dispatch_10
                0x00000001                ASSERT (((_vector_spacing == 0x0) || (SIZEOF (.vector_10) <= (_vector_spacing << 0x3))), function at exception vector 10 too large)

.vector_11      0x9d000258        0x8
 *(.vector_11)
 .vector_11     0x9d000258        0x8 c:/program files/microchip/xc32/v1.41/bin/bin/../../lib/gcc/pic32mx/4.8.3/../../../../pic32mx/lib/size/micromips\libpic32.a(vector11.o)
                0x9d000259                __vector_dispatch_11
                0x00000001                ASSERT (((_vector_spacing == 0x0) || (SIZEOF (.vector_11) <= (_vector_spacing << 0x3))), function at exception vector 11 too large)

.vector_12      0x9d000260        0x8
 *(.vector_12)
 .vector_12     0x9d000260        0x8 c:/program files/microchip/xc32/v1.41/bin/bin/../../lib/gcc/pic32mx/4.8.3/../../../../pic32mx/lib/size/micromips\libpic32.a(vector12.o)
                0x9d000261                __vector_dispatch_12
                0x00000001                ASSERT (((_vector_spacing == 0x0) || (SIZEOF (.vector_12) <= (_vector_spacing << 0x3))), function at exception vector 12 too large)

.vector_13      0x9d000268        0x8
 *(.vector_13)
 .vector_13     0x9d000268        0x8 c:/program files/microchip/xc32/v1.41/bin/bin/../../lib/gcc/pic32mx/4.8.3/../../../../pic32mx/lib/size/micromips\libpic32.a(vector13.o)
                0x9d000269                __vector_dispatch_13
                0x00000001                ASSERT (((_vector_spacing == 0x0) || (SIZEOF (.vector_13) <= (_vector_spacing << 0x3))), function at exception vector 13 too large)

.vector_14      0x9d000270        0x8
 *(.vector_14)
 .vector_14     0x9d000270        0x8 c:/program files/microchip/xc32/v1.41/bin/bin/../../lib/gcc/pic32mx/4.8.3/../../../../pic32mx/lib/size/micromips\libpic32.a(vector14.o)
                0x9d000271                __vector_dispatch_14
                0x00000001                ASSERT (((_vector_spacing == 0x0) || (SIZEOF (.vector_14) <= (_vector_spacing << 0x3))), function at exception vector 14 too large)

.vector_15      0x9d000278        0x8
 *(.vector_15)
 .vector_15     0x9d000278        0x8 c:/program files/microchip/xc32/v1.41/bin/bin/../../lib/gcc/pic32mx/4.8.3/../../../../pic32mx/lib/size/micromips\libpic32.a(vector15.o)
                0x9d000279                __vector_dispatch_15
                0x00000001                ASSERT (((_vector_spacing == 0x0) || (SIZEOF (.vector_15) <= (_vector_spacing << 0x3))), function at exception vector 15 too large)

.vector_16      0x9d000280        0x8
 *(.vector_16)
 .vector_16     0x9d000280        0x8 c:/program files/microchip/xc32/v1.41/bin/bin/../../lib/gcc/pic32mx/4.8.3/../../../../pic32mx/lib/size/micromips\libpic32.a(vector16.o)
                0x9d000281                __vector_dispatch_16
                0x00000001                ASSERT (((_vector_spacing == 0x0) || (SIZEOF (.vector_16) <= (_vector_spacing << 0x3))), function at exception vector 16 too large)

.vector_17      0x9d000288        0x8
 *(.vector_17)
 .vector_17     0x9d000288        0x8 c:/program files/microchip/xc32/v1.41/bin/bin/../../lib/gcc/pic32mx/4.8.3/../../../../pic32mx/lib/size/micromips\libpic32.a(vector17.o)
                0x9d000289                __vector_dispatch_17
                0x00000001                ASSERT (((_vector_spacing == 0x0) || (SIZEOF (.vector_17) <= (_vector_spacing << 0x3))), function at exception vector 17 too large)

.vector_18      0x9d000290        0x8
 *(.vector_18)
 .vector_18     0x9d000290        0x8 c:/program files/microchip/xc32/v1.41/bin/bin/../../lib/gcc/pic32mx/4.8.3/../../../../pic32mx/lib/size/micromips\libpic32.a(vector18.o)
                0x9d000291                __vector_dispatch_18
                0x00000001                ASSERT (((_vector_spacing == 0x0) || (SIZEOF (.vector_18) <= (_vector_spacing << 0x3))), function at exception vector 18 too large)

.vector_19      0x9d000298        0x8
 *(.vector_19)
 .vector_19     0x9d000298        0x8 c:/program files/microchip/xc32/v1.41/bin/bin/../../lib/gcc/pic32mx/4.8.3/../../../../pic32mx/lib/size/micromips\libpic32.a(vector19.o)
                0x9d000299                __vector_dispatch_19
                0x00000001                ASSERT (((_vector_spacing == 0x0) || (SIZEOF (.vector_19) <= (_vector_spacing << 0x3))), function at exception vector 19 too large)

.vector_20      0x9d0002a0        0x8
 *(.vector_20)
 .vector_20     0x9d0002a0        0x8 c:/program files/microchip/xc32/v1.41/bin/bin/../../lib/gcc/pic32mx/4.8.3/../../../../pic32mx/lib/size/micromips\libpic32.a(vector20.o)
                0x9d0002a1                __vector_dispatch_20
                0x00000001                ASSERT (((_vector_spacing == 0x0) || (SIZEOF (.vector_20) <= (_vector_spacing << 0x3))), function at exception vector 20 too large)

.vector_21      0x9d0002a8        0x8
 *(.vector_21)
 .vector_21     0x9d0002a8        0x8 c:/program files/microchip/xc32/v1.41/bin/bin/../../lib/gcc/pic32mx/4.8.3/../../../../pic32mx/lib/size/micromips\libpic32.a(vector21.o)
                0x9d0002a9                __vector_dispatch_21
                0x00000001                ASSERT (((_vector_spacing == 0x0) || (SIZEOF (.vector_21) <= (_vector_spacing << 0x3))), function at exception vector 21 too large)

.vector_22      0x9d0002b0        0x8
 *(.vector_22)
 .vector_22     0x9d0002b0        0x8 c:/program files/microchip/xc32/v1.41/bin/bin/../../lib/gcc/pic32mx/4.8.3/../../../../pic32mx/lib/size/micromips\libpic32.a(vector22.o)
                0x9d0002b1                __vector_dispatch_22
                0x00000001                ASSERT (((_vector_spacing == 0x0) || (SIZEOF (.vector_22) <= (_vector_spacing << 0x3))), function at exception vector 22 too large)

.vector_23      0x9d0002b8        0x8
 *(.vector_23)
 .vector_23     0x9d0002b8        0x8 c:/program files/microchip/xc32/v1.41/bin/bin/../../lib/gcc/pic32mx/4.8.3/../../../../pic32mx/lib/size/micromips\libpic32.a(vector23.o)
                0x9d0002b9                __vector_dispatch_23
                0x00000001                ASSERT (((_vector_spacing == 0x0) || (SIZEOF (.vector_23) <= (_vector_spacing << 0x3))), function at exception vector 23 too large)

.vector_24      0x9d0002c0        0x8
 *(.vector_24)
 .vector_24     0x9d0002c0        0x8 c:/program files/microchip/xc32/v1.41/bin/bin/../../lib/gcc/pic32mx/4.8.3/../../../../pic32mx/lib/size/micromips\libpic32.a(vector24.o)
                0x9d0002c1                __vector_dispatch_24
                0x00000001                ASSERT (((_vector_spacing == 0x0) || (SIZEOF (.vector_24) <= (_vector_spacing << 0x3))), function at exception vector 24 too large)

.vector_25      0x9d0002c8        0x8
 *(.vector_25)
 .vector_25     0x9d0002c8        0x8 c:/program files/microchip/xc32/v1.41/bin/bin/../../lib/gcc/pic32mx/4.8.3/../../../../pic32mx/lib/size/micromips\libpic32.a(vector25.o)
                0x9d0002c9                __vector_dispatch_25
                0x00000001                ASSERT (((_vector_spacing == 0x0) || (SIZEOF (.vector_25) <= (_vector_spacing << 0x3))), function at exception vector 25 too large)

.vector_26      0x9d0002d0        0x8
 *(.vector_26)
 .vector_26     0x9d0002d0        0x8 c:/program files/microchip/xc32/v1.41/bin/bin/../../lib/gcc/pic32mx/4.8.3/../../../../pic32mx/lib/size/micromips\libpic32.a(vector26.o)
                0x9d0002d1                __vector_dispatch_26
                0x00000001                ASSERT (((_vector_spacing == 0x0) || (SIZEOF (.vector_26) <= (_vector_spacing << 0x3))), function at exception vector 26 too large)

.vector_27      0x9d0002d8        0x8
 *(.vector_27)
 .vector_27     0x9d0002d8        0x8 c:/program files/microchip/xc32/v1.41/bin/bin/../../lib/gcc/pic32mx/4.8.3/../../../../pic32mx/lib/size/micromips\libpic32.a(vector27.o)
                0x9d0002d9                __vector_dispatch_27
                0x00000001                ASSERT (((_vector_spacing == 0x0) || (SIZEOF (.vector_27) <= (_vector_spacing << 0x3))), function at exception vector 27 too large)

.vector_28      0x9d0002e0        0x8
 *(.vector_28)
 .vector_28     0x9d0002e0        0x8 c:/program files/microchip/xc32/v1.41/bin/bin/../../lib/gcc/pic32mx/4.8.3/../../../../pic32mx/lib/size/micromips\libpic32.a(vector28.o)
                0x9d0002e1                __vector_dispatch_28
                0x00000001                ASSERT (((_vector_spacing == 0x0) || (SIZEOF (.vector_28) <= (_vector_spacing << 0x3))), function at exception vector 28 too large)

.vector_29      0x9d0002e8        0x8
 *(.vector_29)
 .vector_29     0x9d0002e8        0x8 c:/program files/microchip/xc32/v1.41/bin/bin/../../lib/gcc/pic32mx/4.8.3/../../../../pic32mx/lib/size/micromips\libpic32.a(vector29.o)
                0x9d0002e9                __vector_dispatch_29
                0x00000001                ASSERT (((_vector_spacing == 0x0) || (SIZEOF (.vector_29) <= (_vector_spacing << 0x3))), function at exception vector 29 too large)

.vector_30      0x9d0002f0        0x8
 *(.vector_30)
 .vector_30     0x9d0002f0        0x8 c:/program files/microchip/xc32/v1.41/bin/bin/../../lib/gcc/pic32mx/4.8.3/../../../../pic32mx/lib/size/micromips\libpic32.a(vector30.o)
                0x9d0002f1                __vector_dispatch_30
                0x00000001                ASSERT (((_vector_spacing == 0x0) || (SIZEOF (.vector_30) <= (_vector_spacing << 0x3))), function at exception vector 30 too large)

.vector_31      0x9d0002f8        0x8
 *(.vector_31)
 .vector_31     0x9d0002f8        0x8 c:/program files/microchip/xc32/v1.41/bin/bin/../../lib/gcc/pic32mx/4.8.3/../../../../pic32mx/lib/size/micromips\libpic32.a(vector31.o)
                0x9d0002f9                __vector_dispatch_31
                0x00000001                ASSERT (((_vector_spacing == 0x0) || (SIZEOF (.vector_31) <= (_vector_spacing << 0x3))), function at exception vector 31 too large)

.vector_32      0x9d000300        0x8
 *(.vector_32)
 .vector_32     0x9d000300        0x8 c:/program files/microchip/xc32/v1.41/bin/bin/../../lib/gcc/pic32mx/4.8.3/../../../../pic32mx/lib/size/micromips\libpic32.a(vector32.o)
                0x9d000301                __vector_dispatch_32
                0x00000001                ASSERT (((_vector_spacing == 0x0) || (SIZEOF (.vector_32) <= (_vector_spacing << 0x3))), function at exception vector 32 too large)

.vector_33      0x9d000308        0x8
 *(.vector_33)
 .vector_33     0x9d000308        0x8 c:/program files/microchip/xc32/v1.41/bin/bin/../../lib/gcc/pic32mx/4.8.3/../../../../pic32mx/lib/size/micromips\libpic32.a(vector33.o)
                0x9d000309                __vector_dispatch_33
                0x00000001                ASSERT (((_vector_spacing == 0x0) || (SIZEOF (.vector_33) <= (_vector_spacing << 0x3))), function at exception vector 33 too large)

.vector_34      0x9d000310        0x8
 *(.vector_34)
 .vector_34     0x9d000310        0x8 c:/program files/microchip/xc32/v1.41/bin/bin/../../lib/gcc/pic32mx/4.8.3/../../../../pic32mx/lib/size/micromips\libpic32.a(vector34.o)
                0x9d000311                __vector_dispatch_34
                0x00000001                ASSERT (((_vector_spacing == 0x0) || (SIZEOF (.vector_34) <= (_vector_spacing << 0x3))), function at exception vector 34 too large)

.vector_35      0x9d000318        0x8
 *(.vector_35)
 .vector_35     0x9d000318        0x8 c:/program files/microchip/xc32/v1.41/bin/bin/../../lib/gcc/pic32mx/4.8.3/../../../../pic32mx/lib/size/micromips\libpic32.a(vector35.o)
                0x9d000319                __vector_dispatch_35
                0x00000001                ASSERT (((_vector_spacing == 0x0) || (SIZEOF (.vector_35) <= (_vector_spacing << 0x3))), function at exception vector 35 too large)

.vector_36      0x9d000320        0x8
 *(.vector_36)
 .vector_36     0x9d000320        0x8 c:/program files/microchip/xc32/v1.41/bin/bin/../../lib/gcc/pic32mx/4.8.3/../../../../pic32mx/lib/size/micromips\libpic32.a(vector36.o)
                0x9d000321                __vector_dispatch_36
                0x00000001                ASSERT (((_vector_spacing == 0x0) || (SIZEOF (.vector_36) <= (_vector_spacing << 0x3))), function at exception vector 36 too large)

.vector_37      0x9d000328        0x8
 *(.vector_37)
 .vector_37     0x9d000328        0x8 c:/program files/microchip/xc32/v1.41/bin/bin/../../lib/gcc/pic32mx/4.8.3/../../../../pic32mx/lib/size/micromips\libpic32.a(vector37.o)
                0x9d000329                __vector_dispatch_37
                0x00000001                ASSERT (((_vector_spacing == 0x0) || (SIZEOF (.vector_37) <= (_vector_spacing << 0x3))), function at exception vector 37 too large)

.vector_38      0x9d000330        0x8
 *(.vector_38)
 .vector_38     0x9d000330        0x8 c:/program files/microchip/xc32/v1.41/bin/bin/../../lib/gcc/pic32mx/4.8.3/../../../../pic32mx/lib/size/micromips\libpic32.a(vector38.o)
                0x9d000331                __vector_dispatch_38
                0x00000001                ASSERT (((_vector_spacing == 0x0) || (SIZEOF (.vector_38) <= (_vector_spacing << 0x3))), function at exception vector 38 too large)

.vector_39      0x9d000338        0x8
 *(.vector_39)
 .vector_39     0x9d000338        0x8 c:/program files/microchip/xc32/v1.41/bin/bin/../../lib/gcc/pic32mx/4.8.3/../../../../pic32mx/lib/size/micromips\libpic32.a(vector39.o)
                0x9d000339                __vector_dispatch_39
                0x00000001                ASSERT (((_vector_spacing == 0x0) || (SIZEOF (.vector_39) <= (_vector_spacing << 0x3))), function at exception vector 39 too large)

.vector_40      0x9d000340        0x8
 *(.vector_40)
 .vector_40     0x9d000340        0x8 c:/program files/microchip/xc32/v1.41/bin/bin/../../lib/gcc/pic32mx/4.8.3/../../../../pic32mx/lib/size/micromips\libpic32.a(vector40.o)
                0x9d000341                __vector_dispatch_40
                0x00000001                ASSERT (((_vector_spacing == 0x0) || (SIZEOF (.vector_40) <= (_vector_spacing << 0x3))), function at exception vector 40 too large)

.vector_41      0x9d000348        0x8
 *(.vector_41)
 .vector_41     0x9d000348        0x8 c:/program files/microchip/xc32/v1.41/bin/bin/../../lib/gcc/pic32mx/4.8.3/../../../../pic32mx/lib/size/micromips\libpic32.a(vector41.o)
                0x9d000349                __vector_dispatch_41
                0x00000001                ASSERT (((_vector_spacing == 0x0) || (SIZEOF (.vector_41) <= (_vector_spacing << 0x3))), function at exception vector 41 too large)

.vector_42      0x9d000350        0x8
 *(.vector_42)
 .vector_42     0x9d000350        0x8 c:/program files/microchip/xc32/v1.41/bin/bin/../../lib/gcc/pic32mx/4.8.3/../../../../pic32mx/lib/size/micromips\libpic32.a(vector42.o)
                0x9d000351                __vector_dispatch_42
                0x00000001                ASSERT (((_vector_spacing == 0x0) || (SIZEOF (.vector_42) <= (_vector_spacing << 0x3))), function at exception vector 42 too large)

.vector_43      0x9d000358        0x8
 *(.vector_43)
 .vector_43     0x9d000358        0x8 c:/program files/microchip/xc32/v1.41/bin/bin/../../lib/gcc/pic32mx/4.8.3/../../../../pic32mx/lib/size/micromips\libpic32.a(vector43.o)
                0x9d000359                __vector_dispatch_43
                0x00000001                ASSERT (((_vector_spacing == 0x0) || (SIZEOF (.vector_43) <= (_vector_spacing << 0x3))), function at exception vector 43 too large)

.vector_44      0x9d000360        0x8
 *(.vector_44)
 .vector_44     0x9d000360        0x8 c:/program files/microchip/xc32/v1.41/bin/bin/../../lib/gcc/pic32mx/4.8.3/../../../../pic32mx/lib/size/micromips\libpic32.a(vector44.o)
                0x9d000361                __vector_dispatch_44
                0x00000001                ASSERT (((_vector_spacing == 0x0) || (SIZEOF (.vector_44) <= (_vector_spacing << 0x3))), function at exception vector 44 too large)

.vector_45      0x9d000368        0x8
 *(.vector_45)
 .vector_45     0x9d000368        0x8 c:/program files/microchip/xc32/v1.41/bin/bin/../../lib/gcc/pic32mx/4.8.3/../../../../pic32mx/lib/size/micromips\libpic32.a(vector45.o)
                0x9d000369                __vector_dispatch_45
                0x00000001                ASSERT (((_vector_spacing == 0x0) || (SIZEOF (.vector_45) <= (_vector_spacing << 0x3))), function at exception vector 45 too large)

.vector_46      0x9d000370        0x8
 *(.vector_46)
 .vector_46     0x9d000370        0x8 c:/program files/microchip/xc32/v1.41/bin/bin/../../lib/gcc/pic32mx/4.8.3/../../../../pic32mx/lib/size/micromips\libpic32.a(vector46.o)
                0x9d000371                __vector_dispatch_46
                0x00000001                ASSERT (((_vector_spacing == 0x0) || (SIZEOF (.vector_46) <= (_vector_spacing << 0x3))), function at exception vector 46 too large)

.vector_47      0x9d000378        0x8
 *(.vector_47)
 .vector_47     0x9d000378        0x8 c:/program files/microchip/xc32/v1.41/bin/bin/../../lib/gcc/pic32mx/4.8.3/../../../../pic32mx/lib/size/micromips\libpic32.a(vector47.o)
                0x9d000379                __vector_dispatch_47
                0x00000001                ASSERT (((_vector_spacing == 0x0) || (SIZEOF (.vector_47) <= (_vector_spacing << 0x3))), function at exception vector 47 too large)

.startup
 *(.startup)

.text           0x9d000380        0x0
 *(.stub .gnu.linkonce.t.*)
 *(.text.*personality*)
 *(.mips16.fn.*)
 *(.mips16.call.*)
 *(.gnu.warning)
                0x9d000380                . = ALIGN (0x4)

.init           0x9d000380        0x0
 *crti.o(.init)
 *crtbegin.o(.init)
 *(EXCLUDE_FILE(*crtn.o *crtend?.o *crtend.o) .init)
 *crtend.o(.init)
 *crtn.o(.init)
                0x9d000380                . = ALIGN (0x4)

.fini           0x9d000380        0x0
 *(.fini)
                0x9d000380                . = ALIGN (0x4)

.preinit_array  0x9d000380        0x0
                0x9d000380                PROVIDE (__preinit_array_start, .)
 *(.preinit_array)
                0x9d000380                PROVIDE (__preinit_array_end, .)
                0x9d000380                . = ALIGN (0x4)

.init_array     0x9d000380        0x0
                0x9d000380                PROVIDE (__init_array_start, .)
 *(SORT(.init_array.*))
 *(.init_array)
                0x9d000380                PROVIDE (__init_array_end, .)
                0x9d000380                . = ALIGN (0x4)

.fini_array     0x9d000380        0x0
                0x9d000380                PROVIDE (__fini_array_start, .)
 *(SORT(.fini_array.*))
 *(.fini_array)
                0x9d000380                PROVIDE (__fini_array_end, .)
                0x9d000380                . = ALIGN (0x4)

.ctors          0x9d000380        0x0
 *crtbegin.o(.ctors)
 *crtbegin?.o(.ctors)
 *(EXCLUDE_FILE(*crtend?.o *crtend.o) .ctors)
 *(SORT(.ctors.*))
 *(.ctors)
                0x9d000380                . = ALIGN (0x4)

.dtors          0x9d000380        0x0
 *crtbegin.o(.dtors)
 *crtbegin?.o(.dtors)
 *(EXCLUDE_FILE(*crtend?.o *crtend.o) .dtors)
 *(SORT(.dtors.*))
 *(.dtors)
                0x9d000380                . = ALIGN (0x4)

.rodata         0x9d000380        0x0
 *(.gnu.linkonce.r.*)
 *(.rodata1)
                0x9d000380                . = ALIGN (0x4)

.sdata2         0x9fc00490        0x0
 *(.sdata2 .sdata2.* .gnu.linkonce.s2.*)
                0x9fc00490                . = ALIGN (0x4)

.sbss2          0x9fc00490        0x0
 *(.sbss2 .sbss2.* .gnu.linkonce.sb2.*)
                0x9fc00490                . = ALIGN (0x4)

.eh_frame_hdr
 *(.eh_frame_hdr)
                0x9fc00490                . = ALIGN (0x4)

.eh_frame
 *(.eh_frame)
                0x9fc00490                . = ALIGN (0x4)

.gcc_except_table
 *(.gcc_except_table .gcc_except_table.*)
                0x9fc00490                . = ALIGN (0x4)

.dbg_data       0x80000000        0x0
                0x80000000                . = (. + DEFINED (_DEBUGGER)?0x200:0x0)

.jcr            0x80000000        0x0
 *(.jcr)
                0x80000000                . = ALIGN (0x4)

.eh_frame
 *(.eh_frame)
                0x80000000                . = ALIGN (0x4)

.gcc_except_table
 *(.gcc_except_table .gcc_except_table.*)
                0x80000000                . = ALIGN (0x4)

.persist        0x80000000        0x0
                0x80000000                _persist_begin = .
 *(.persist .persist.*)
 *(.pbss .pbss.*)
                0x80000000                . = ALIGN (0x4)
                0x80000000                _persist_end = .

.data           0x80000000        0x0
 *(.gnu.linkonce.d.*)
 *(.data1)
                0x80000000                . = ALIGN (0x4)
                0x80000000                . = .
                0x80007ff0                _gp = (ALIGN (0x10) + 0x7ff0)

.got            0x80000000        0x0
 *(.got.plt)
 *(.got)
                0x80000000                . = ALIGN (0x4)

.sdata          0x80000000        0x0
                0x80000000                _sdata_begin = .
 *(.sdata .sdata.* .gnu.linkonce.s.*)
                0x80000000                . = ALIGN (0x4)
                0x80000000                _sdata_end = .

.lit8
 *(.lit8)

.lit4
 *(.lit4)
                0x80000000                . = ALIGN (0x4)
                0x80000000                _data_end = .
                0x80000000                _bss_begin = .

.sbss           0x80000000        0x4
                0x80000000                _sbss_begin = .
 *(.dynsbss)
 *(.sbss .sbss.* .gnu.linkonce.sb.*)
 *(.scommon)
 .scommon       0x80000000        0x1 build/default/production/i2c_master_eeprom_24fc256.o
                0x80000000                eepromAddress
                0x80000001                _sbss_end = .
                0x80000004                . = ALIGN (0x4)
 *fill*         0x80000001        0x3 

.bss            0x80000004        0x0
 *(.dynbss)
 *(COMMON)
                0x80000004                . = ALIGN ((. != 0x0)?0x4:0x1)
                0x80000004                . = ALIGN (0x4)
                0x80000004                _end = .
                0x80000004                _bss_end = .
                0x00002000                _bmxdudba_address = 0x2000
                0x00002000                _bmxdupba_address = 0x2000

/DISCARD/
 *(.pdr)
 *(.rel.dyn)
 *(.note.GNU-stack)
 *(.note.GNU-stack)
 *(.gnu_debuglink)
 *(.gnu.lto_*)
 *(.discard)

.gptab.sdata
 *(.gptab.data)
 *(.gptab.sdata)

.gptab.sbss
 *(.gptab.bss)
 *(.gptab.sbss)

.mdebug.abi32   0x80000004        0x0
 *(.mdebug.abi32)
 .mdebug.abi32  0x80000004        0x0 build/default/production/i2c_master_eeprom_24fc256.o
 .mdebug.abi32  0x80000004        0x0 build/default/production/master_demo_main.o
 .mdebug.abi32  0x80000004        0x0 c:/program files/microchip/xc32/v1.41/bin/bin/../../lib/gcc/pic32mx/4.8.3/../../../../pic32mx/lib/size/micromips\libpic32.a(default-bootstrap-exception-handler.o)
 .mdebug.abi32  0x80000004        0x0 c:/program files/microchip/xc32/v1.41/bin/bin/../../lib/gcc/pic32mx/4.8.3/../../../../pic32mx/lib/size/micromips\libpic32.a(default-on-reset.o)
 .mdebug.abi32  0x80000004        0x0 c:/program files/microchip/xc32/v1.41/bin/bin/../../lib/gcc/pic32mx/4.8.3/../../../../pic32mx/lib/size/micromips\libpic32.a(default-on-bootstrap.o)
 .mdebug.abi32  0x80000004        0x0 c:/program files/microchip/xc32/v1.41/bin/bin/../../lib/gcc/pic32mx/4.8.3/../../../../pic32mx/lib/size/micromips\libpic32.a(default-general-exception-handler.o)
 .mdebug.abi32  0x80000004        0x0 c:/program files/microchip/xc32/v1.41/bin/bin/../../lib/gcc/pic32mx/4.8.3/../../../../pic32mx/lib/size/micromips\libpic32.a(defaultinterrupt.o)

.mdebug.abiN32
 *(.mdebug.abiN32)

.mdebug.abi64
 *(.mdebug.abi64)

.mdebug.abiO64
 *(.mdebug.abiO64)

.mdebug.eabi32
 *(.mdebug.eabi32)

.mdebug.eabi64
 *(.mdebug.eabi64)

.gcc_compiled_long32
 *(.gcc_compiled_long32)

.gcc_compiled_long64
 *(.gcc_compiled_long64)

.stab
 *(.stab)

.stabstr
 *(.stabstr)

.stab.excl
 *(.stab.excl)

.stab.exclstr
 *(.stab.exclstr)

.stab.index
 *(.stab.index)

.stab.indexstr
 *(.stab.indexstr)

.comment        0x00000000       0x3c
 *(.comment)
 .comment       0x00000000       0x3c build/default/production/i2c_master_eeprom_24fc256.o
                                 0x3d (size before relaxing)
 .comment       0x00000000       0x3d build/default/production/master_demo_main.o
 .comment       0x00000000       0x3d c:/program files/microchip/xc32/v1.41/bin/bin/../../lib/gcc/pic32mx/4.8.3/../../../../pic32mx/lib/size/micromips\libpic32.a(default-bootstrap-exception-handler.o)
 .comment       0x00000000       0x3d c:/program files/microchip/xc32/v1.41/bin/bin/../../lib/gcc/pic32mx/4.8.3/../../../../pic32mx/lib/size/micromips\libpic32.a(default-on-reset.o)
 .comment       0x00000000       0x3d c:/program files/microchip/xc32/v1.41/bin/bin/../../lib/gcc/pic32mx/4.8.3/../../../../pic32mx/lib/size/micromips\libpic32.a(default-on-bootstrap.o)
 .comment       0x00000000       0x3d c:/program files/microchip/xc32/v1.41/bin/bin/../../lib/gcc/pic32mx/4.8.3/../../../../pic32mx/lib/size/micromips\libpic32.a(default-general-exception-handler.o)
 .comment       0x00000000       0x3d c:/program files/microchip/xc32/v1.41/bin/bin/../../lib/gcc/pic32mx/4.8.3/../../../../pic32mx/lib/size/micromips\libpic32.a(defaultinterrupt.o)

.debug
 *(.debug)

.line
 *(.line)

.debug_srcinfo
 *(.debug_srcinfo)

.debug_sfnames
 *(.debug_sfnames)

.debug_aranges  0x00000000      0x120
 *(.debug_aranges)
 .debug_aranges
                0x00000000       0x20 build/default/production/_ext/1456076783/i2c_master.o
 .debug_aranges
                0x00000020       0x20 build/default/production/i2c_master_eeprom_24fc256.o
 .debug_aranges
                0x00000040       0x20 build/default/production/master_demo_main.o
 .debug_aranges
                0x00000060       0x20 c:/program files/microchip/xc32/v1.41/bin/bin/../../lib/gcc/pic32mx/4.8.3/../../../../pic32mx/lib/size/micromips\pic32_software_reset-mm.o
 .debug_aranges
                0x00000080       0x20 c:/program files/microchip/xc32/v1.41/bin/bin/../../lib/gcc/pic32mx/4.8.3/../../../../pic32mx/lib/size/micromips\libpic32.a(default-bootstrap-exception-handler.o)
 .debug_aranges
                0x000000a0       0x20 c:/program files/microchip/xc32/v1.41/bin/bin/../../lib/gcc/pic32mx/4.8.3/../../../../pic32mx/lib/size/micromips\libpic32.a(default-on-reset.o)
 .debug_aranges
                0x000000c0       0x20 c:/program files/microchip/xc32/v1.41/bin/bin/../../lib/gcc/pic32mx/4.8.3/../../../../pic32mx/lib/size/micromips\libpic32.a(default-on-bootstrap.o)
 .debug_aranges
                0x000000e0       0x20 c:/program files/microchip/xc32/v1.41/bin/bin/../../lib/gcc/pic32mx/4.8.3/../../../../pic32mx/lib/size/micromips\libpic32.a(default-general-exception-handler.o)
 .debug_aranges
                0x00000100       0x20 c:/program files/microchip/xc32/v1.41/bin/bin/../../lib/gcc/pic32mx/4.8.3/../../../../pic32mx/lib/size/micromips\libpic32.a(defaultinterrupt.o)

.debug_pubnames
 *(.debug_pubnames)

.debug_info     0x00000000      0xaab
 *(.debug_info .gnu.linkonce.wi.*)
 .debug_info    0x00000000       0x7e build/default/production/_ext/1456076783/i2c_master.o
 .debug_info    0x0000007e      0x377 build/default/production/i2c_master_eeprom_24fc256.o
 .debug_info    0x000003f5      0x1dd build/default/production/master_demo_main.o
 .debug_info    0x000005d2       0xe1 c:/program files/microchip/xc32/v1.41/bin/bin/../../lib/gcc/pic32mx/4.8.3/../../../../pic32mx/lib/size/micromips\pic32_software_reset-mm.o
 .debug_info    0x000006b3       0xdc c:/program files/microchip/xc32/v1.41/bin/bin/../../lib/gcc/pic32mx/4.8.3/../../../../pic32mx/lib/size/micromips\libpic32.a(default-bootstrap-exception-handler.o)
 .debug_info    0x0000078f       0xb6 c:/program files/microchip/xc32/v1.41/bin/bin/../../lib/gcc/pic32mx/4.8.3/../../../../pic32mx/lib/size/micromips\libpic32.a(default-on-reset.o)
 .debug_info    0x00000845       0xbe c:/program files/microchip/xc32/v1.41/bin/bin/../../lib/gcc/pic32mx/4.8.3/../../../../pic32mx/lib/size/micromips\libpic32.a(default-on-bootstrap.o)
 .debug_info    0x00000903       0xd8 c:/program files/microchip/xc32/v1.41/bin/bin/../../lib/gcc/pic32mx/4.8.3/../../../../pic32mx/lib/size/micromips\libpic32.a(default-general-exception-handler.o)
 .debug_info    0x000009db       0xd0 c:/program files/microchip/xc32/v1.41/bin/bin/../../lib/gcc/pic32mx/4.8.3/../../../../pic32mx/lib/size/micromips\libpic32.a(defaultinterrupt.o)

.debug_abbrev   0x00000000      0x35a
 *(.debug_abbrev)
 .debug_abbrev  0x00000000       0x14 build/default/production/_ext/1456076783/i2c_master.o
 .debug_abbrev  0x00000014      0x19a build/default/production/i2c_master_eeprom_24fc256.o
 .debug_abbrev  0x000001ae       0xd0 build/default/production/master_demo_main.o
 .debug_abbrev  0x0000027e       0x14 c:/program files/microchip/xc32/v1.41/bin/bin/../../lib/gcc/pic32mx/4.8.3/../../../../pic32mx/lib/size/micromips\pic32_software_reset-mm.o
 .debug_abbrev  0x00000292       0x28 c:/program files/microchip/xc32/v1.41/bin/bin/../../lib/gcc/pic32mx/4.8.3/../../../../pic32mx/lib/size/micromips\libpic32.a(default-bootstrap-exception-handler.o)
 .debug_abbrev  0x000002ba       0x28 c:/program files/microchip/xc32/v1.41/bin/bin/../../lib/gcc/pic32mx/4.8.3/../../../../pic32mx/lib/size/micromips\libpic32.a(default-on-reset.o)
 .debug_abbrev  0x000002e2       0x28 c:/program files/microchip/xc32/v1.41/bin/bin/../../lib/gcc/pic32mx/4.8.3/../../../../pic32mx/lib/size/micromips\libpic32.a(default-on-bootstrap.o)
 .debug_abbrev  0x0000030a       0x28 c:/program files/microchip/xc32/v1.41/bin/bin/../../lib/gcc/pic32mx/4.8.3/../../../../pic32mx/lib/size/micromips\libpic32.a(default-general-exception-handler.o)
 .debug_abbrev  0x00000332       0x28 c:/program files/microchip/xc32/v1.41/bin/bin/../../lib/gcc/pic32mx/4.8.3/../../../../pic32mx/lib/size/micromips\libpic32.a(defaultinterrupt.o)

.debug_line     0x00000000      0x60c
 *(.debug_line)
 .debug_line    0x00000000       0xd7 build/default/production/_ext/1456076783/i2c_master.o
 .debug_line    0x000000d7       0xea build/default/production/i2c_master_eeprom_24fc256.o
 .debug_line    0x000001c1      0x100 build/default/production/master_demo_main.o
 .debug_line    0x000002c1       0xa0 c:/program files/microchip/xc32/v1.41/bin/bin/../../lib/gcc/pic32mx/4.8.3/../../../../pic32mx/lib/size/micromips\pic32_software_reset-mm.o
 .debug_line    0x00000361       0x90 c:/program files/microchip/xc32/v1.41/bin/bin/../../lib/gcc/pic32mx/4.8.3/../../../../pic32mx/lib/size/micromips\libpic32.a(default-bootstrap-exception-handler.o)
 .debug_line    0x000003f1       0x7d c:/program files/microchip/xc32/v1.41/bin/bin/../../lib/gcc/pic32mx/4.8.3/../../../../pic32mx/lib/size/micromips\libpic32.a(default-on-reset.o)
 .debug_line    0x0000046e       0x81 c:/program files/microchip/xc32/v1.41/bin/bin/../../lib/gcc/pic32mx/4.8.3/../../../../pic32mx/lib/size/micromips\libpic32.a(default-on-bootstrap.o)
 .debug_line    0x000004ef       0x8e c:/program files/microchip/xc32/v1.41/bin/bin/../../lib/gcc/pic32mx/4.8.3/../../../../pic32mx/lib/size/micromips\libpic32.a(default-general-exception-handler.o)
 .debug_line    0x0000057d       0x8f c:/program files/microchip/xc32/v1.41/bin/bin/../../lib/gcc/pic32mx/4.8.3/../../../../pic32mx/lib/size/micromips\libpic32.a(defaultinterrupt.o)

.debug_frame    0x00000000      0x140
 *(.debug_frame)
 .debug_frame   0x00000000       0x5c build/default/production/i2c_master_eeprom_24fc256.o
 .debug_frame   0x0000005c       0x2c build/default/production/master_demo_main.o
 .debug_frame   0x00000088       0x2c c:/program files/microchip/xc32/v1.41/bin/bin/../../lib/gcc/pic32mx/4.8.3/../../../../pic32mx/lib/size/micromips\libpic32.a(default-bootstrap-exception-handler.o)
 .debug_frame   0x000000b4       0x20 c:/program files/microchip/xc32/v1.41/bin/bin/../../lib/gcc/pic32mx/4.8.3/../../../../pic32mx/lib/size/micromips\libpic32.a(default-on-reset.o)
 .debug_frame   0x000000d4       0x20 c:/program files/microchip/xc32/v1.41/bin/bin/../../lib/gcc/pic32mx/4.8.3/../../../../pic32mx/lib/size/micromips\libpic32.a(default-on-bootstrap.o)
 .debug_frame   0x000000f4       0x2c c:/program files/microchip/xc32/v1.41/bin/bin/../../lib/gcc/pic32mx/4.8.3/../../../../pic32mx/lib/size/micromips\libpic32.a(default-general-exception-handler.o)
 .debug_frame   0x00000120       0x20 c:/program files/microchip/xc32/v1.41/bin/bin/../../lib/gcc/pic32mx/4.8.3/../../../../pic32mx/lib/size/micromips\libpic32.a(defaultinterrupt.o)

.debug_str      0x00000000        0x8
 *(.debug_str)
 .debug_str     0x00000000        0x8 build/default/production/i2c_master_eeprom_24fc256.o
 .debug_str     0x00000008        0x0 build/default/production/master_demo_main.o
 .debug_str     0x00000008        0x0 c:/program files/microchip/xc32/v1.41/bin/bin/../../lib/gcc/pic32mx/4.8.3/../../../../pic32mx/lib/size/micromips\libpic32.a(default-bootstrap-exception-handler.o)
 .debug_str     0x00000008        0x0 c:/program files/microchip/xc32/v1.41/bin/bin/../../lib/gcc/pic32mx/4.8.3/../../../../pic32mx/lib/size/micromips\libpic32.a(default-on-reset.o)
 .debug_str     0x00000008        0x0 c:/program files/microchip/xc32/v1.41/bin/bin/../../lib/gcc/pic32mx/4.8.3/../../../../pic32mx/lib/size/micromips\libpic32.a(default-on-bootstrap.o)
 .debug_str     0x00000008        0x0 c:/program files/microchip/xc32/v1.41/bin/bin/../../lib/gcc/pic32mx/4.8.3/../../../../pic32mx/lib/size/micromips\libpic32.a(default-general-exception-handler.o)
 .debug_str     0x00000008        0x0 c:/program files/microchip/xc32/v1.41/bin/bin/../../lib/gcc/pic32mx/4.8.3/../../../../pic32mx/lib/size/micromips\libpic32.a(defaultinterrupt.o)

.debug_loc      0x00000000       0xad
 *(.debug_loc)
 .debug_loc     0x00000000       0xad build/default/production/i2c_master_eeprom_24fc256.o

.debug_macinfo
 *(.debug_macinfo)

.debug_weaknames
 *(.debug_weaknames)

.debug_funcnames
 *(.debug_funcnames)

.debug_typenames
 *(.debug_typenames)

.debug_varnames
 *(.debug_varnames)

.debug_pubtypes
 *(.debug_pubtypes)

.debug_ranges   0x00000000       0x50
 *(.debug_ranges)
 .debug_ranges  0x00000000       0x10 c:/program files/microchip/xc32/v1.41/bin/bin/../../lib/gcc/pic32mx/4.8.3/../../../../pic32mx/lib/size/micromips\libpic32.a(default-bootstrap-exception-handler.o)
 .debug_ranges  0x00000010       0x10 c:/program files/microchip/xc32/v1.41/bin/bin/../../lib/gcc/pic32mx/4.8.3/../../../../pic32mx/lib/size/micromips\libpic32.a(default-on-reset.o)
 .debug_ranges  0x00000020       0x10 c:/program files/microchip/xc32/v1.41/bin/bin/../../lib/gcc/pic32mx/4.8.3/../../../../pic32mx/lib/size/micromips\libpic32.a(default-on-bootstrap.o)
 .debug_ranges  0x00000030       0x10 c:/program files/microchip/xc32/v1.41/bin/bin/../../lib/gcc/pic32mx/4.8.3/../../../../pic32mx/lib/size/micromips\libpic32.a(default-general-exception-handler.o)
 .debug_ranges  0x00000040       0x10 c:/program files/microchip/xc32/v1.41/bin/bin/../../lib/gcc/pic32mx/4.8.3/../../../../pic32mx/lib/size/micromips\libpic32.a(defaultinterrupt.o)

.gnu.attributes
                0x00000000       0x10
 *(.gnu.attributes)
 .gnu.attributes
                0x00000000       0x10 build/default/production/i2c_master_eeprom_24fc256.o
 .gnu.attributes
                0x00000010       0x10 build/default/production/master_demo_main.o
 .gnu.attributes
                0x00000020       0x10 c:/program files/microchip/xc32/v1.41/bin/bin/../../lib/gcc/pic32mx/4.8.3/../../../../pic32mx/lib/size/micromips\libpic32.a(default-bootstrap-exception-handler.o)
 .gnu.attributes
                0x00000030       0x10 c:/program files/microchip/xc32/v1.41/bin/bin/../../lib/gcc/pic32mx/4.8.3/../../../../pic32mx/lib/size/micromips\libpic32.a(default-on-reset.o)
 .gnu.attributes
                0x00000040       0x10 c:/program files/microchip/xc32/v1.41/bin/bin/../../lib/gcc/pic32mx/4.8.3/../../../../pic32mx/lib/size/micromips\libpic32.a(default-on-bootstrap.o)
 .gnu.attributes
                0x00000050       0x10 c:/program files/microchip/xc32/v1.41/bin/bin/../../lib/gcc/pic32mx/4.8.3/../../../../pic32mx/lib/size/micromips\libpic32.a(default-general-exception-handler.o)
 .gnu.attributes
                0x00000060       0x10 c:/program files/microchip/xc32/v1.41/bin/bin/../../lib/gcc/pic32mx/4.8.3/../../../../pic32mx/lib/size/micromips\libpic32.a(defaultinterrupt.o)
LOAD c:/program files/microchip/xc32/v1.41/bin/bin/../../lib/gcc/pic32mx/4.8.3/size/micromips\libgcc.a
START GROUP
LOAD c:/program files/microchip/xc32/v1.41/bin/bin/../../lib/gcc/pic32mx/4.8.3/../../../../pic32mx/lib/size/micromips\libpic32.a
LOAD c:/program files/microchip/xc32/v1.41/bin/bin/../../lib/gcc/pic32mx/4.8.3/../../../../pic32mx/lib/size/micromips\libdebug.a
LOAD c:/program files/microchip/xc32/v1.41/bin/bin/../../lib/gcc/pic32mx/4.8.3/../../../../pic32mx/lib/size/micromips\libpic32.a
LOAD c:/program files/microchip/xc32/v1.41/bin/bin/../../lib/gcc/pic32mx/4.8.3/../../../../pic32mx/lib/size/micromips\libm.a
LOAD c:/program files/microchip/xc32/v1.41/bin/bin/../../lib/gcc/pic32mx/4.8.3/../../../../pic32mx/lib/size/micromips\libe.a
LOAD c:/program files/microchip/xc32/v1.41/bin/bin/../../lib/gcc/pic32mx/4.8.3/../../../../pic32mx/lib/size/micromips\libdsp.a
LOAD c:/program files/microchip/xc32/v1.41/bin/bin/../../lib/gcc/pic32mx/4.8.3/size/micromips\libgcc.a
LOAD c:/program files/microchip/xc32/v1.41/bin/bin/../../lib/gcc/pic32mx/4.8.3/../../../../pic32mx/lib/size/micromips\liblega-c.a
LOAD c:/program files/microchip/xc32/v1.41/bin/bin/../../lib/gcc/pic32mx/4.8.3/../../../../pic32mx/lib/size/micromips\libpic32.a
END GROUP
LOAD c:/program files/microchip/xc32/v1.41/bin/bin/../../lib/gcc/pic32mx/4.8.3/size/micromips\libgcc.a
OUTPUT(dist/default/production/master_demo.production.elf elf32-tradlittlemips)
LOAD stack
LOAD data_init

.reginfo        0x00000000       0x18
 .reginfo       0x00000000       0x18 c:/program files/microchip/xc32/v1.41/bin/bin/../../lib/gcc/pic32mx/4.8.3/../../../../pic32mx/lib/./proc/32MM0064GPL036/crt0_micromips.o

.stack          0x80000030      0x400
 .stack         0x80000030      0x400 stack

.bss            0x00000000        0x0
 .bss           0x00000000        0x0 c:/program files/microchip/xc32/v1.41/bin/bin/../../lib/gcc/pic32mx/4.8.3/../../../../pic32mx/lib/size/micromips\libpic32.a(defaultinterrupt.o)

.data           0x00000000        0x0
 .data          0x00000000        0x0 c:/program files/microchip/xc32/v1.41/bin/bin/../../lib/gcc/pic32mx/4.8.3/../../../../pic32mx/lib/size/micromips\libpic32.a(defaultinterrupt.o)

.bss            0x00000000        0x0
 .bss           0x00000000        0x0 c:/program files/microchip/xc32/v1.41/bin/bin/../../lib/gcc/pic32mx/4.8.3/../../../../pic32mx/lib/size/micromips\libpic32.a(default-general-exception-handler.o)

.data           0x00000000        0x0
 .data          0x00000000        0x0 c:/program files/microchip/xc32/v1.41/bin/bin/../../lib/gcc/pic32mx/4.8.3/../../../../pic32mx/lib/size/micromips\libpic32.a(default-general-exception-handler.o)

.bss            0x00000000        0x0
 .bss           0x00000000        0x0 c:/program files/microchip/xc32/v1.41/bin/bin/../../lib/gcc/pic32mx/4.8.3/../../../../pic32mx/lib/size/micromips\libpic32.a(vector47.o)

.data           0x00000000        0x0
 .data          0x00000000        0x0 c:/program files/microchip/xc32/v1.41/bin/bin/../../lib/gcc/pic32mx/4.8.3/../../../../pic32mx/lib/size/micromips\libpic32.a(vector47.o)

.bss            0x00000000        0x0
 .bss           0x00000000        0x0 c:/program files/microchip/xc32/v1.41/bin/bin/../../lib/gcc/pic32mx/4.8.3/../../../../pic32mx/lib/size/micromips\libpic32.a(vector46.o)

.data           0x00000000        0x0
 .data          0x00000000        0x0 c:/program files/microchip/xc32/v1.41/bin/bin/../../lib/gcc/pic32mx/4.8.3/../../../../pic32mx/lib/size/micromips\libpic32.a(vector46.o)

.bss            0x00000000        0x0
 .bss           0x00000000        0x0 c:/program files/microchip/xc32/v1.41/bin/bin/../../lib/gcc/pic32mx/4.8.3/../../../../pic32mx/lib/size/micromips\libpic32.a(vector45.o)

.data           0x00000000        0x0
 .data          0x00000000        0x0 c:/program files/microchip/xc32/v1.41/bin/bin/../../lib/gcc/pic32mx/4.8.3/../../../../pic32mx/lib/size/micromips\libpic32.a(vector45.o)

.bss            0x00000000        0x0
 .bss           0x00000000        0x0 c:/program files/microchip/xc32/v1.41/bin/bin/../../lib/gcc/pic32mx/4.8.3/../../../../pic32mx/lib/size/micromips\libpic32.a(vector44.o)

.data           0x00000000        0x0
 .data          0x00000000        0x0 c:/program files/microchip/xc32/v1.41/bin/bin/../../lib/gcc/pic32mx/4.8.3/../../../../pic32mx/lib/size/micromips\libpic32.a(vector44.o)

.bss            0x00000000        0x0
 .bss           0x00000000        0x0 c:/program files/microchip/xc32/v1.41/bin/bin/../../lib/gcc/pic32mx/4.8.3/../../../../pic32mx/lib/size/micromips\libpic32.a(vector43.o)

.data           0x00000000        0x0
 .data          0x00000000        0x0 c:/program files/microchip/xc32/v1.41/bin/bin/../../lib/gcc/pic32mx/4.8.3/../../../../pic32mx/lib/size/micromips\libpic32.a(vector43.o)

.bss            0x00000000        0x0
 .bss           0x00000000        0x0 c:/program files/microchip/xc32/v1.41/bin/bin/../../lib/gcc/pic32mx/4.8.3/../../../../pic32mx/lib/size/micromips\libpic32.a(vector42.o)

.data           0x00000000        0x0
 .data          0x00000000        0x0 c:/program files/microchip/xc32/v1.41/bin/bin/../../lib/gcc/pic32mx/4.8.3/../../../../pic32mx/lib/size/micromips\libpic32.a(vector42.o)

.bss            0x00000000        0x0
 .bss           0x00000000        0x0 c:/program files/microchip/xc32/v1.41/bin/bin/../../lib/gcc/pic32mx/4.8.3/../../../../pic32mx/lib/size/micromips\libpic32.a(vector41.o)

.data           0x00000000        0x0
 .data          0x00000000        0x0 c:/program files/microchip/xc32/v1.41/bin/bin/../../lib/gcc/pic32mx/4.8.3/../../../../pic32mx/lib/size/micromips\libpic32.a(vector41.o)

.bss            0x00000000        0x0
 .bss           0x00000000        0x0 c:/program files/microchip/xc32/v1.41/bin/bin/../../lib/gcc/pic32mx/4.8.3/../../../../pic32mx/lib/size/micromips\libpic32.a(vector40.o)

.data           0x00000000        0x0
 .data          0x00000000        0x0 c:/program files/microchip/xc32/v1.41/bin/bin/../../lib/gcc/pic32mx/4.8.3/../../../../pic32mx/lib/size/micromips\libpic32.a(vector40.o)

.bss            0x00000000        0x0
 .bss           0x00000000        0x0 c:/program files/microchip/xc32/v1.41/bin/bin/../../lib/gcc/pic32mx/4.8.3/../../../../pic32mx/lib/size/micromips\libpic32.a(vector39.o)

.data           0x00000000        0x0
 .data          0x00000000        0x0 c:/program files/microchip/xc32/v1.41/bin/bin/../../lib/gcc/pic32mx/4.8.3/../../../../pic32mx/lib/size/micromips\libpic32.a(vector39.o)

.bss            0x00000000        0x0
 .bss           0x00000000        0x0 c:/program files/microchip/xc32/v1.41/bin/bin/../../lib/gcc/pic32mx/4.8.3/../../../../pic32mx/lib/size/micromips\libpic32.a(vector38.o)

.data           0x00000000        0x0
 .data          0x00000000        0x0 c:/program files/microchip/xc32/v1.41/bin/bin/../../lib/gcc/pic32mx/4.8.3/../../../../pic32mx/lib/size/micromips\libpic32.a(vector38.o)

.bss            0x00000000        0x0
 .bss           0x00000000        0x0 c:/program files/microchip/xc32/v1.41/bin/bin/../../lib/gcc/pic32mx/4.8.3/../../../../pic32mx/lib/size/micromips\libpic32.a(vector37.o)

.data           0x00000000        0x0
 .data          0x00000000        0x0 c:/program files/microchip/xc32/v1.41/bin/bin/../../lib/gcc/pic32mx/4.8.3/../../../../pic32mx/lib/size/micromips\libpic32.a(vector37.o)

.bss            0x00000000        0x0
 .bss           0x00000000        0x0 c:/program files/microchip/xc32/v1.41/bin/bin/../../lib/gcc/pic32mx/4.8.3/../../../../pic32mx/lib/size/micromips\libpic32.a(vector36.o)

.data           0x00000000        0x0
 .data          0x00000000        0x0 c:/program files/microchip/xc32/v1.41/bin/bin/../../lib/gcc/pic32mx/4.8.3/../../../../pic32mx/lib/size/micromips\libpic32.a(vector36.o)

.bss            0x00000000        0x0
 .bss           0x00000000        0x0 c:/program files/microchip/xc32/v1.41/bin/bin/../../lib/gcc/pic32mx/4.8.3/../../../../pic32mx/lib/size/micromips\libpic32.a(vector35.o)

.data           0x00000000        0x0
 .data          0x00000000        0x0 c:/program files/microchip/xc32/v1.41/bin/bin/../../lib/gcc/pic32mx/4.8.3/../../../../pic32mx/lib/size/micromips\libpic32.a(vector35.o)

.bss            0x00000000        0x0
 .bss           0x00000000        0x0 c:/program files/microchip/xc32/v1.41/bin/bin/../../lib/gcc/pic32mx/4.8.3/../../../../pic32mx/lib/size/micromips\libpic32.a(vector34.o)

.data           0x00000000        0x0
 .data          0x00000000        0x0 c:/program files/microchip/xc32/v1.41/bin/bin/../../lib/gcc/pic32mx/4.8.3/../../../../pic32mx/lib/size/micromips\libpic32.a(vector34.o)

.bss            0x00000000        0x0
 .bss           0x00000000        0x0 c:/program files/microchip/xc32/v1.41/bin/bin/../../lib/gcc/pic32mx/4.8.3/../../../../pic32mx/lib/size/micromips\libpic32.a(vector33.o)

.data           0x00000000        0x0
 .data          0x00000000        0x0 c:/program files/microchip/xc32/v1.41/bin/bin/../../lib/gcc/pic32mx/4.8.3/../../../../pic32mx/lib/size/micromips\libpic32.a(vector33.o)

.bss            0x00000000        0x0
 .bss           0x00000000        0x0 c:/program files/microchip/xc32/v1.41/bin/bin/../../lib/gcc/pic32mx/4.8.3/../../../../pic32mx/lib/size/micromips\libpic32.a(vector32.o)

.data           0x00000000        0x0
 .data          0x00000000        0x0 c:/program files/microchip/xc32/v1.41/bin/bin/../../lib/gcc/pic32mx/4.8.3/../../../../pic32mx/lib/size/micromips\libpic32.a(vector32.o)

.bss            0x00000000        0x0
 .bss           0x00000000        0x0 c:/program files/microchip/xc32/v1.41/bin/bin/../../lib/gcc/pic32mx/4.8.3/../../../../pic32mx/lib/size/micromips\libpic32.a(vector31.o)

.data           0x00000000        0x0
 .data          0x00000000        0x0 c:/program files/microchip/xc32/v1.41/bin/bin/../../lib/gcc/pic32mx/4.8.3/../../../../pic32mx/lib/size/micromips\libpic32.a(vector31.o)

.bss            0x00000000        0x0
 .bss           0x00000000        0x0 c:/program files/microchip/xc32/v1.41/bin/bin/../../lib/gcc/pic32mx/4.8.3/../../../../pic32mx/lib/size/micromips\libpic32.a(vector30.o)

.data           0x00000000        0x0
 .data          0x00000000        0x0 c:/program files/microchip/xc32/v1.41/bin/bin/../../lib/gcc/pic32mx/4.8.3/../../../../pic32mx/lib/size/micromips\libpic32.a(vector30.o)

.bss            0x00000000        0x0
 .bss           0x00000000        0x0 c:/program files/microchip/xc32/v1.41/bin/bin/../../lib/gcc/pic32mx/4.8.3/../../../../pic32mx/lib/size/micromips\libpic32.a(vector29.o)

.data           0x00000000        0x0
 .data          0x00000000        0x0 c:/program files/microchip/xc32/v1.41/bin/bin/../../lib/gcc/pic32mx/4.8.3/../../../../pic32mx/lib/size/micromips\libpic32.a(vector29.o)

.bss            0x00000000        0x0
 .bss           0x00000000        0x0 c:/program files/microchip/xc32/v1.41/bin/bin/../../lib/gcc/pic32mx/4.8.3/../../../../pic32mx/lib/size/micromips\libpic32.a(vector28.o)

.data           0x00000000        0x0
 .data          0x00000000        0x0 c:/program files/microchip/xc32/v1.41/bin/bin/../../lib/gcc/pic32mx/4.8.3/../../../../pic32mx/lib/size/micromips\libpic32.a(vector28.o)

.bss            0x00000000        0x0
 .bss           0x00000000        0x0 c:/program files/microchip/xc32/v1.41/bin/bin/../../lib/gcc/pic32mx/4.8.3/../../../../pic32mx/lib/size/micromips\libpic32.a(vector27.o)

.data           0x00000000        0x0
 .data          0x00000000        0x0 c:/program files/microchip/xc32/v1.41/bin/bin/../../lib/gcc/pic32mx/4.8.3/../../../../pic32mx/lib/size/micromips\libpic32.a(vector27.o)

.bss            0x00000000        0x0
 .bss           0x00000000        0x0 c:/program files/microchip/xc32/v1.41/bin/bin/../../lib/gcc/pic32mx/4.8.3/../../../../pic32mx/lib/size/micromips\libpic32.a(vector26.o)

.data           0x00000000        0x0
 .data          0x00000000        0x0 c:/program files/microchip/xc32/v1.41/bin/bin/../../lib/gcc/pic32mx/4.8.3/../../../../pic32mx/lib/size/micromips\libpic32.a(vector26.o)

.bss            0x00000000        0x0
 .bss           0x00000000        0x0 c:/program files/microchip/xc32/v1.41/bin/bin/../../lib/gcc/pic32mx/4.8.3/../../../../pic32mx/lib/size/micromips\libpic32.a(vector25.o)

.data           0x00000000        0x0
 .data          0x00000000        0x0 c:/program files/microchip/xc32/v1.41/bin/bin/../../lib/gcc/pic32mx/4.8.3/../../../../pic32mx/lib/size/micromips\libpic32.a(vector25.o)

.bss            0x00000000        0x0
 .bss           0x00000000        0x0 c:/program files/microchip/xc32/v1.41/bin/bin/../../lib/gcc/pic32mx/4.8.3/../../../../pic32mx/lib/size/micromips\libpic32.a(vector24.o)

.data           0x00000000        0x0
 .data          0x00000000        0x0 c:/program files/microchip/xc32/v1.41/bin/bin/../../lib/gcc/pic32mx/4.8.3/../../../../pic32mx/lib/size/micromips\libpic32.a(vector24.o)

.bss            0x00000000        0x0
 .bss           0x00000000        0x0 c:/program files/microchip/xc32/v1.41/bin/bin/../../lib/gcc/pic32mx/4.8.3/../../../../pic32mx/lib/size/micromips\libpic32.a(vector23.o)

.data           0x00000000        0x0
 .data          0x00000000        0x0 c:/program files/microchip/xc32/v1.41/bin/bin/../../lib/gcc/pic32mx/4.8.3/../../../../pic32mx/lib/size/micromips\libpic32.a(vector23.o)

.bss            0x00000000        0x0
 .bss           0x00000000        0x0 c:/program files/microchip/xc32/v1.41/bin/bin/../../lib/gcc/pic32mx/4.8.3/../../../../pic32mx/lib/size/micromips\libpic32.a(vector22.o)

.data           0x00000000        0x0
 .data          0x00000000        0x0 c:/program files/microchip/xc32/v1.41/bin/bin/../../lib/gcc/pic32mx/4.8.3/../../../../pic32mx/lib/size/micromips\libpic32.a(vector22.o)

.bss            0x00000000        0x0
 .bss           0x00000000        0x0 c:/program files/microchip/xc32/v1.41/bin/bin/../../lib/gcc/pic32mx/4.8.3/../../../../pic32mx/lib/size/micromips\libpic32.a(vector21.o)

.data           0x00000000        0x0
 .data          0x00000000        0x0 c:/program files/microchip/xc32/v1.41/bin/bin/../../lib/gcc/pic32mx/4.8.3/../../../../pic32mx/lib/size/micromips\libpic32.a(vector21.o)

.bss            0x00000000        0x0
 .bss           0x00000000        0x0 c:/program files/microchip/xc32/v1.41/bin/bin/../../lib/gcc/pic32mx/4.8.3/../../../../pic32mx/lib/size/micromips\libpic32.a(vector20.o)

.data           0x00000000        0x0
 .data          0x00000000        0x0 c:/program files/microchip/xc32/v1.41/bin/bin/../../lib/gcc/pic32mx/4.8.3/../../../../pic32mx/lib/size/micromips\libpic32.a(vector20.o)

.bss            0x00000000        0x0
 .bss           0x00000000        0x0 c:/program files/microchip/xc32/v1.41/bin/bin/../../lib/gcc/pic32mx/4.8.3/../../../../pic32mx/lib/size/micromips\libpic32.a(vector19.o)

.data           0x00000000        0x0
 .data          0x00000000        0x0 c:/program files/microchip/xc32/v1.41/bin/bin/../../lib/gcc/pic32mx/4.8.3/../../../../pic32mx/lib/size/micromips\libpic32.a(vector19.o)

.bss            0x00000000        0x0
 .bss           0x00000000        0x0 c:/program files/microchip/xc32/v1.41/bin/bin/../../lib/gcc/pic32mx/4.8.3/../../../../pic32mx/lib/size/micromips\libpic32.a(vector18.o)

.data           0x00000000        0x0
 .data          0x00000000        0x0 c:/program files/microchip/xc32/v1.41/bin/bin/../../lib/gcc/pic32mx/4.8.3/../../../../pic32mx/lib/size/micromips\libpic32.a(vector18.o)

.bss            0x00000000        0x0
 .bss           0x00000000        0x0 c:/program files/microchip/xc32/v1.41/bin/bin/../../lib/gcc/pic32mx/4.8.3/../../../../pic32mx/lib/size/micromips\libpic32.a(vector17.o)

.data           0x00000000        0x0
 .data          0x00000000        0x0 c:/program files/microchip/xc32/v1.41/bin/bin/../../lib/gcc/pic32mx/4.8.3/../../../../pic32mx/lib/size/micromips\libpic32.a(vector17.o)

.bss            0x00000000        0x0
 .bss           0x00000000        0x0 c:/program files/microchip/xc32/v1.41/bin/bin/../../lib/gcc/pic32mx/4.8.3/../../../../pic32mx/lib/size/micromips\libpic32.a(vector16.o)

.data           0x00000000        0x0
 .data          0x00000000        0x0 c:/program files/microchip/xc32/v1.41/bin/bin/../../lib/gcc/pic32mx/4.8.3/../../../../pic32mx/lib/size/micromips\libpic32.a(vector16.o)

.bss            0x00000000        0x0
 .bss           0x00000000        0x0 c:/program files/microchip/xc32/v1.41/bin/bin/../../lib/gcc/pic32mx/4.8.3/../../../../pic32mx/lib/size/micromips\libpic32.a(vector15.o)

.data           0x00000000        0x0
 .data          0x00000000        0x0 c:/program files/microchip/xc32/v1.41/bin/bin/../../lib/gcc/pic32mx/4.8.3/../../../../pic32mx/lib/size/micromips\libpic32.a(vector15.o)

.bss            0x00000000        0x0
 .bss           0x00000000        0x0 c:/program files/microchip/xc32/v1.41/bin/bin/../../lib/gcc/pic32mx/4.8.3/../../../../pic32mx/lib/size/micromips\libpic32.a(vector14.o)

.data           0x00000000        0x0
 .data          0x00000000        0x0 c:/program files/microchip/xc32/v1.41/bin/bin/../../lib/gcc/pic32mx/4.8.3/../../../../pic32mx/lib/size/micromips\libpic32.a(vector14.o)

.bss            0x00000000        0x0
 .bss           0x00000000        0x0 c:/program files/microchip/xc32/v1.41/bin/bin/../../lib/gcc/pic32mx/4.8.3/../../../../pic32mx/lib/size/micromips\libpic32.a(vector13.o)

.data           0x00000000        0x0
 .data          0x00000000        0x0 c:/program files/microchip/xc32/v1.41/bin/bin/../../lib/gcc/pic32mx/4.8.3/../../../../pic32mx/lib/size/micromips\libpic32.a(vector13.o)

.bss            0x00000000        0x0
 .bss           0x00000000        0x0 c:/program files/microchip/xc32/v1.41/bin/bin/../../lib/gcc/pic32mx/4.8.3/../../../../pic32mx/lib/size/micromips\libpic32.a(vector12.o)

.data           0x00000000        0x0
 .data          0x00000000        0x0 c:/program files/microchip/xc32/v1.41/bin/bin/../../lib/gcc/pic32mx/4.8.3/../../../../pic32mx/lib/size/micromips\libpic32.a(vector12.o)

.bss            0x00000000        0x0
 .bss           0x00000000        0x0 c:/program files/microchip/xc32/v1.41/bin/bin/../../lib/gcc/pic32mx/4.8.3/../../../../pic32mx/lib/size/micromips\libpic32.a(vector11.o)

.data           0x00000000        0x0
 .data          0x00000000        0x0 c:/program files/microchip/xc32/v1.41/bin/bin/../../lib/gcc/pic32mx/4.8.3/../../../../pic32mx/lib/size/micromips\libpic32.a(vector11.o)

.bss            0x00000000        0x0
 .bss           0x00000000        0x0 c:/program files/microchip/xc32/v1.41/bin/bin/../../lib/gcc/pic32mx/4.8.3/../../../../pic32mx/lib/size/micromips\libpic32.a(vector10.o)

.data           0x00000000        0x0
 .data          0x00000000        0x0 c:/program files/microchip/xc32/v1.41/bin/bin/../../lib/gcc/pic32mx/4.8.3/../../../../pic32mx/lib/size/micromips\libpic32.a(vector10.o)

.bss            0x00000000        0x0
 .bss           0x00000000        0x0 c:/program files/microchip/xc32/v1.41/bin/bin/../../lib/gcc/pic32mx/4.8.3/../../../../pic32mx/lib/size/micromips\libpic32.a(vector9.o)

.data           0x00000000        0x0
 .data          0x00000000        0x0 c:/program files/microchip/xc32/v1.41/bin/bin/../../lib/gcc/pic32mx/4.8.3/../../../../pic32mx/lib/size/micromips\libpic32.a(vector9.o)

.bss            0x00000000        0x0
 .bss           0x00000000        0x0 c:/program files/microchip/xc32/v1.41/bin/bin/../../lib/gcc/pic32mx/4.8.3/../../../../pic32mx/lib/size/micromips\libpic32.a(vector8.o)

.data           0x00000000        0x0
 .data          0x00000000        0x0 c:/program files/microchip/xc32/v1.41/bin/bin/../../lib/gcc/pic32mx/4.8.3/../../../../pic32mx/lib/size/micromips\libpic32.a(vector8.o)

.bss            0x00000000        0x0
 .bss           0x00000000        0x0 c:/program files/microchip/xc32/v1.41/bin/bin/../../lib/gcc/pic32mx/4.8.3/../../../../pic32mx/lib/size/micromips\libpic32.a(vector7.o)

.data           0x00000000        0x0
 .data          0x00000000        0x0 c:/program files/microchip/xc32/v1.41/bin/bin/../../lib/gcc/pic32mx/4.8.3/../../../../pic32mx/lib/size/micromips\libpic32.a(vector7.o)

.bss            0x00000000        0x0
 .bss           0x00000000        0x0 c:/program files/microchip/xc32/v1.41/bin/bin/../../lib/gcc/pic32mx/4.8.3/../../../../pic32mx/lib/size/micromips\libpic32.a(vector6.o)

.data           0x00000000        0x0
 .data          0x00000000        0x0 c:/program files/microchip/xc32/v1.41/bin/bin/../../lib/gcc/pic32mx/4.8.3/../../../../pic32mx/lib/size/micromips\libpic32.a(vector6.o)

.bss            0x00000000        0x0
 .bss           0x00000000        0x0 c:/program files/microchip/xc32/v1.41/bin/bin/../../lib/gcc/pic32mx/4.8.3/../../../../pic32mx/lib/size/micromips\libpic32.a(vector5.o)

.data           0x00000000        0x0
 .data          0x00000000        0x0 c:/program files/microchip/xc32/v1.41/bin/bin/../../lib/gcc/pic32mx/4.8.3/../../../../pic32mx/lib/size/micromips\libpic32.a(vector5.o)

.bss            0x00000000        0x0
 .bss           0x00000000        0x0 c:/program files/microchip/xc32/v1.41/bin/bin/../../lib/gcc/pic32mx/4.8.3/../../../../pic32mx/lib/size/micromips\libpic32.a(vector4.o)

.data           0x00000000        0x0
 .data          0x00000000        0x0 c:/program files/microchip/xc32/v1.41/bin/bin/../../lib/gcc/pic32mx/4.8.3/../../../../pic32mx/lib/size/micromips\libpic32.a(vector4.o)

.bss            0x00000000        0x0
 .bss           0x00000000        0x0 c:/program files/microchip/xc32/v1.41/bin/bin/../../lib/gcc/pic32mx/4.8.3/../../../../pic32mx/lib/size/micromips\libpic32.a(vector3.o)

.data           0x00000000        0x0
 .data          0x00000000        0x0 c:/program files/microchip/xc32/v1.41/bin/bin/../../lib/gcc/pic32mx/4.8.3/../../../../pic32mx/lib/size/micromips\libpic32.a(vector3.o)

.bss            0x00000000        0x0
 .bss           0x00000000        0x0 c:/program files/microchip/xc32/v1.41/bin/bin/../../lib/gcc/pic32mx/4.8.3/../../../../pic32mx/lib/size/micromips\libpic32.a(vector2.o)

.data           0x00000000        0x0
 .data          0x00000000        0x0 c:/program files/microchip/xc32/v1.41/bin/bin/../../lib/gcc/pic32mx/4.8.3/../../../../pic32mx/lib/size/micromips\libpic32.a(vector2.o)

.bss            0x00000000        0x0
 .bss           0x00000000        0x0 c:/program files/microchip/xc32/v1.41/bin/bin/../../lib/gcc/pic32mx/4.8.3/../../../../pic32mx/lib/size/micromips\libpic32.a(vector1.o)

.data           0x00000000        0x0
 .data          0x00000000        0x0 c:/program files/microchip/xc32/v1.41/bin/bin/../../lib/gcc/pic32mx/4.8.3/../../../../pic32mx/lib/size/micromips\libpic32.a(vector1.o)

.bss            0x00000000        0x0
 .bss           0x00000000        0x0 c:/program files/microchip/xc32/v1.41/bin/bin/../../lib/gcc/pic32mx/4.8.3/../../../../pic32mx/lib/size/micromips\libpic32.a(vector0.o)

.data           0x00000000        0x0
 .data          0x00000000        0x0 c:/program files/microchip/xc32/v1.41/bin/bin/../../lib/gcc/pic32mx/4.8.3/../../../../pic32mx/lib/size/micromips\libpic32.a(vector0.o)

.bss            0x00000000        0x0
 .bss           0x00000000        0x0 c:/program files/microchip/xc32/v1.41/bin/bin/../../lib/gcc/pic32mx/4.8.3/../../../../pic32mx/lib/size/micromips\libpic32.a(general-exception.o)

.data           0x00000000        0x0
 .data          0x00000000        0x0 c:/program files/microchip/xc32/v1.41/bin/bin/../../lib/gcc/pic32mx/4.8.3/../../../../pic32mx/lib/size/micromips\libpic32.a(general-exception.o)

.bss            0x00000000        0x0
 .bss           0x00000000        0x0 c:/program files/microchip/xc32/v1.41/bin/bin/../../lib/gcc/pic32mx/4.8.3/../../../../pic32mx/lib/size/micromips\libpic32.a(default-nmi-handler.o)

.data           0x00000000        0x0
 .data          0x00000000        0x0 c:/program files/microchip/xc32/v1.41/bin/bin/../../lib/gcc/pic32mx/4.8.3/../../../../pic32mx/lib/size/micromips\libpic32.a(default-nmi-handler.o)

.bss            0x00000000        0x0
 .bss           0x00000000        0x0 c:/program files/microchip/xc32/v1.41/bin/bin/../../lib/gcc/pic32mx/4.8.3/../../../../pic32mx/lib/size/micromips\libpic32.a(default-on-bootstrap.o)

.data           0x00000000        0x0
 .data          0x00000000        0x0 c:/program files/microchip/xc32/v1.41/bin/bin/../../lib/gcc/pic32mx/4.8.3/../../../../pic32mx/lib/size/micromips\libpic32.a(default-on-bootstrap.o)

.bss            0x00000000        0x0
 .bss           0x00000000        0x0 c:/program files/microchip/xc32/v1.41/bin/bin/../../lib/gcc/pic32mx/4.8.3/../../../../pic32mx/lib/size/micromips\libpic32.a(default-on-reset.o)

.data           0x00000000        0x0
 .data          0x00000000        0x0 c:/program files/microchip/xc32/v1.41/bin/bin/../../lib/gcc/pic32mx/4.8.3/../../../../pic32mx/lib/size/micromips\libpic32.a(default-on-reset.o)

.bss            0x00000000        0x0
 .bss           0x00000000        0x0 c:/program files/microchip/xc32/v1.41/bin/bin/../../lib/gcc/pic32mx/4.8.3/../../../../pic32mx/lib/size/micromips\libpic32.a(default-bootstrap-exception-handler.o)

.data           0x00000000        0x0
 .data          0x00000000        0x0 c:/program files/microchip/xc32/v1.41/bin/bin/../../lib/gcc/pic32mx/4.8.3/../../../../pic32mx/lib/size/micromips\libpic32.a(default-bootstrap-exception-handler.o)

.bss            0x00000000        0x0
 .bss           0x00000000        0x0 c:/program files/microchip/xc32/v1.41/bin/bin/../../lib/gcc/pic32mx/4.8.3/../../../../pic32mx/lib/./proc/32MM0064GPL036\processor.o

.data           0x00000000        0x0
 .data          0x00000000        0x0 c:/program files/microchip/xc32/v1.41/bin/bin/../../lib/gcc/pic32mx/4.8.3/../../../../pic32mx/lib/./proc/32MM0064GPL036\processor.o

.bss            0x00000000        0x0
 .bss           0x00000000        0x0 c:/program files/microchip/xc32/v1.41/bin/bin/../../lib/gcc/pic32mx/4.8.3/../../../../pic32mx/lib/size/micromips\pic32_software_reset-mm.o

.data           0x00000000        0x0
 .data          0x00000000        0x0 c:/program files/microchip/xc32/v1.41/bin/bin/../../lib/gcc/pic32mx/4.8.3/../../../../pic32mx/lib/size/micromips\pic32_software_reset-mm.o

.bss            0x00000000        0x0
 .bss           0x00000000        0x0 c:/program files/microchip/xc32/v1.41/bin/bin/../../lib/gcc/pic32mx/4.8.3/../../../../pic32mx/lib/./proc/32MM0064GPL036\default_isr_vectors.o

.data           0x00000000        0x0
 .data          0x00000000        0x0 c:/program files/microchip/xc32/v1.41/bin/bin/../../lib/gcc/pic32mx/4.8.3/../../../../pic32mx/lib/./proc/32MM0064GPL036\default_isr_vectors.o

.bss            0x00000000        0x0
 .bss           0x00000000        0x0 build/default/production/master_demo_main.o

.data           0x00000000        0x0
 .data          0x00000000        0x0 build/default/production/master_demo_main.o

.bss            0x00000000        0x0
 .bss           0x00000000        0x0 build/default/production/i2c_master_eeprom_24fc256.o

.data           0x00000000        0x0
 .data          0x00000000        0x0 build/default/production/i2c_master_eeprom_24fc256.o

.bss            0x00000000        0x0
 .bss           0x00000000        0x0 build/default/production/_ext/1456076783/i2c_master.o

.data           0x00000000        0x0
 .data          0x00000000        0x0 build/default/production/_ext/1456076783/i2c_master.o

.bss            0x00000000        0x0
 .bss           0x00000000        0x0 c:/program files/microchip/xc32/v1.41/bin/bin/../../lib/gcc/pic32mx/4.8.3/../../../../pic32mx/lib/size/micromips\debug-exception-return-mm.o

.data           0x00000000        0x0
 .data          0x00000000        0x0 c:/program files/microchip/xc32/v1.41/bin/bin/../../lib/gcc/pic32mx/4.8.3/../../../../pic32mx/lib/size/micromips\debug-exception-return-mm.o

.bss            0x00000000        0x0
 .bss           0x00000000        0x0 c:/program files/microchip/xc32/v1.41/bin/bin/../../lib/gcc/pic32mx/4.8.3/../../../../pic32mx/lib/./proc/32MM0064GPL036/crt0_micromips.o

.data           0x00000000        0x0
 .data          0x00000000        0x0 c:/program files/microchip/xc32/v1.41/bin/bin/../../lib/gcc/pic32mx/4.8.3/../../../../pic32mx/lib/./proc/32MM0064GPL036/crt0_micromips.o

._debug_exception
                0xbfc00480       0x28
 ._debug_exception
                0xbfc00480       0x28 c:/program files/microchip/xc32/v1.41/bin/bin/../../lib/gcc/pic32mx/4.8.3/../../../../pic32mx/lib/size/micromips\debug-exception-return-mm.o
                0xbfc00481                __DbgExecReturn

.text           0x9d000380      0x294
 .text          0x9d000380      0x294 build/default/production/_ext/1456076783/i2c_master.o
                0x9d000381                I2CM_Init
                0x9d0003a9                I2CM_Start
                0x9d00041f                I2CM_Stop
                0x9d000495                I2CM_Write
                0x9d000561                I2CM_Read

.text           0x9d000000       0xbc
 .text          0x9d000000       0xbc build/default/production/i2c_master_eeprom_24fc256.o
                0x9d000001                EEPROMInit
                0x9d00001f                EEPROMWrite
                0x9d00005f                EEPROMRead

.text.general_exception
                0x9d0000bc       0x80
 .text.general_exception
                0x9d0000bc       0x80 c:/program files/microchip/xc32/v1.41/bin/bin/../../lib/gcc/pic32mx/4.8.3/../../../../pic32mx/lib/size/micromips\libpic32.a(general-exception.o)
                0x9d0000bd                _general_exception_context

.text           0x9d00018c       0x58
 .text          0x9d00018c       0x58 build/default/production/master_demo_main.o
                0x9d00018d                main

.text.main_entry
                0x9d00013c       0x44
 .text.main_entry
                0x9d00013c       0x44 c:/program files/microchip/xc32/v1.41/bin/bin/../../lib/gcc/pic32mx/4.8.3/../../../../pic32mx/lib/./proc/32MM0064GPL036/crt0_micromips.o
                0x9d000167                __crt0_exit

.text           0x9d000614       0x40
 .text          0x9d000614       0x40 c:/program files/microchip/xc32/v1.41/bin/bin/../../lib/gcc/pic32mx/4.8.3/../../../../pic32mx/lib/size/micromips\pic32_software_reset-mm.o
                0x9d000615                __pic32_software_reset

.text._bootstrap_exception_handler
                0x9d000654       0x34
 .text._bootstrap_exception_handler
                0x9d000654       0x34 c:/program files/microchip/xc32/v1.41/bin/bin/../../lib/gcc/pic32mx/4.8.3/../../../../pic32mx/lib/size/micromips\libpic32.a(default-bootstrap-exception-handler.o)
                0x9d000655                _bootstrap_exception_handler

.text._general_exception_handler
                0x9d000688       0x34
 .text._general_exception_handler
                0x9d000688       0x34 c:/program files/microchip/xc32/v1.41/bin/bin/../../lib/gcc/pic32mx/4.8.3/../../../../pic32mx/lib/size/micromips\libpic32.a(default-general-exception-handler.o)
                0x9d000689                _general_exception_handler

.vector_default
                0x9d0006bc       0x30
 .vector_default
                0x9d0006bc       0x30 c:/program files/microchip/xc32/v1.41/bin/bin/../../lib/gcc/pic32mx/4.8.3/../../../../pic32mx/lib/size/micromips\libpic32.a(defaultinterrupt.o)
                0x9d0006bd                _DefaultInterrupt

.text           0x9d0001e4       0x18
 .text          0x9d0001e4       0x18 c:/program files/microchip/xc32/v1.41/bin/bin/../../lib/gcc/pic32mx/4.8.3/../../../../pic32mx/lib/size/micromips\libpic32.a(default-nmi-handler.o)
                0x9d0001e5                _nmi_handler

.dinit          0x9d0006ec       0x10
 .dinit         0x9d0006ec       0x10 data_init

.text._on_reset
                0x9d0001fc        0x4
 .text._on_reset
                0x9d0001fc        0x4 c:/program files/microchip/xc32/v1.41/bin/bin/../../lib/gcc/pic32mx/4.8.3/../../../../pic32mx/lib/size/micromips\libpic32.a(default-on-reset.o)
                0x9d0001fd                _on_reset

.text._on_bootstrap
                0x9d0006fc        0x4
 .text._on_bootstrap
                0x9d0006fc        0x4 c:/program files/microchip/xc32/v1.41/bin/bin/../../lib/gcc/pic32mx/4.8.3/../../../../pic32mx/lib/size/micromips\libpic32.a(default-on-bootstrap.o)
                0x9d0006fd                _on_bootstrap

.text           0x00000000        0x0
 .text          0x00000000        0x0 c:/program files/microchip/xc32/v1.41/bin/bin/../../lib/gcc/pic32mx/4.8.3/../../../../pic32mx/lib/size/micromips\libpic32.a(defaultinterrupt.o)

.text           0x00000000        0x0
 .text          0x00000000        0x0 c:/program files/microchip/xc32/v1.41/bin/bin/../../lib/gcc/pic32mx/4.8.3/../../../../pic32mx/lib/size/micromips\libpic32.a(default-general-exception-handler.o)

.text           0x00000000        0x0
 .text          0x00000000        0x0 c:/program files/microchip/xc32/v1.41/bin/bin/../../lib/gcc/pic32mx/4.8.3/../../../../pic32mx/lib/size/micromips\libpic32.a(vector47.o)

.text           0x00000000        0x0
 .text          0x00000000        0x0 c:/program files/microchip/xc32/v1.41/bin/bin/../../lib/gcc/pic32mx/4.8.3/../../../../pic32mx/lib/size/micromips\libpic32.a(vector46.o)

.text           0x00000000        0x0
 .text          0x00000000        0x0 c:/program files/microchip/xc32/v1.41/bin/bin/../../lib/gcc/pic32mx/4.8.3/../../../../pic32mx/lib/size/micromips\libpic32.a(vector45.o)

.text           0x00000000        0x0
 .text          0x00000000        0x0 c:/program files/microchip/xc32/v1.41/bin/bin/../../lib/gcc/pic32mx/4.8.3/../../../../pic32mx/lib/size/micromips\libpic32.a(vector44.o)

.text           0x00000000        0x0
 .text          0x00000000        0x0 c:/program files/microchip/xc32/v1.41/bin/bin/../../lib/gcc/pic32mx/4.8.3/../../../../pic32mx/lib/size/micromips\libpic32.a(vector43.o)

.text           0x00000000        0x0
 .text          0x00000000        0x0 c:/program files/microchip/xc32/v1.41/bin/bin/../../lib/gcc/pic32mx/4.8.3/../../../../pic32mx/lib/size/micromips\libpic32.a(vector42.o)

.text           0x00000000        0x0
 .text          0x00000000        0x0 c:/program files/microchip/xc32/v1.41/bin/bin/../../lib/gcc/pic32mx/4.8.3/../../../../pic32mx/lib/size/micromips\libpic32.a(vector41.o)

.text           0x00000000        0x0
 .text          0x00000000        0x0 c:/program files/microchip/xc32/v1.41/bin/bin/../../lib/gcc/pic32mx/4.8.3/../../../../pic32mx/lib/size/micromips\libpic32.a(vector40.o)

.text           0x00000000        0x0
 .text          0x00000000        0x0 c:/program files/microchip/xc32/v1.41/bin/bin/../../lib/gcc/pic32mx/4.8.3/../../../../pic32mx/lib/size/micromips\libpic32.a(vector39.o)

.text           0x00000000        0x0
 .text          0x00000000        0x0 c:/program files/microchip/xc32/v1.41/bin/bin/../../lib/gcc/pic32mx/4.8.3/../../../../pic32mx/lib/size/micromips\libpic32.a(vector38.o)

.text           0x00000000        0x0
 .text          0x00000000        0x0 c:/program files/microchip/xc32/v1.41/bin/bin/../../lib/gcc/pic32mx/4.8.3/../../../../pic32mx/lib/size/micromips\libpic32.a(vector37.o)

.text           0x00000000        0x0
 .text          0x00000000        0x0 c:/program files/microchip/xc32/v1.41/bin/bin/../../lib/gcc/pic32mx/4.8.3/../../../../pic32mx/lib/size/micromips\libpic32.a(vector36.o)

.text           0x00000000        0x0
 .text          0x00000000        0x0 c:/program files/microchip/xc32/v1.41/bin/bin/../../lib/gcc/pic32mx/4.8.3/../../../../pic32mx/lib/size/micromips\libpic32.a(vector35.o)

.text           0x00000000        0x0
 .text          0x00000000        0x0 c:/program files/microchip/xc32/v1.41/bin/bin/../../lib/gcc/pic32mx/4.8.3/../../../../pic32mx/lib/size/micromips\libpic32.a(vector34.o)

.text           0x00000000        0x0
 .text          0x00000000        0x0 c:/program files/microchip/xc32/v1.41/bin/bin/../../lib/gcc/pic32mx/4.8.3/../../../../pic32mx/lib/size/micromips\libpic32.a(vector33.o)

.text           0x00000000        0x0
 .text          0x00000000        0x0 c:/program files/microchip/xc32/v1.41/bin/bin/../../lib/gcc/pic32mx/4.8.3/../../../../pic32mx/lib/size/micromips\libpic32.a(vector32.o)

.text           0x00000000        0x0
 .text          0x00000000        0x0 c:/program files/microchip/xc32/v1.41/bin/bin/../../lib/gcc/pic32mx/4.8.3/../../../../pic32mx/lib/size/micromips\libpic32.a(vector31.o)

.text           0x00000000        0x0
 .text          0x00000000        0x0 c:/program files/microchip/xc32/v1.41/bin/bin/../../lib/gcc/pic32mx/4.8.3/../../../../pic32mx/lib/size/micromips\libpic32.a(vector30.o)

.text           0x00000000        0x0
 .text          0x00000000        0x0 c:/program files/microchip/xc32/v1.41/bin/bin/../../lib/gcc/pic32mx/4.8.3/../../../../pic32mx/lib/size/micromips\libpic32.a(vector29.o)

.text           0x00000000        0x0
 .text          0x00000000        0x0 c:/program files/microchip/xc32/v1.41/bin/bin/../../lib/gcc/pic32mx/4.8.3/../../../../pic32mx/lib/size/micromips\libpic32.a(vector28.o)

.text           0x00000000        0x0
 .text          0x00000000        0x0 c:/program files/microchip/xc32/v1.41/bin/bin/../../lib/gcc/pic32mx/4.8.3/../../../../pic32mx/lib/size/micromips\libpic32.a(vector27.o)

.text           0x00000000        0x0
 .text          0x00000000        0x0 c:/program files/microchip/xc32/v1.41/bin/bin/../../lib/gcc/pic32mx/4.8.3/../../../../pic32mx/lib/size/micromips\libpic32.a(vector26.o)

.text           0x00000000        0x0
 .text          0x00000000        0x0 c:/program files/microchip/xc32/v1.41/bin/bin/../../lib/gcc/pic32mx/4.8.3/../../../../pic32mx/lib/size/micromips\libpic32.a(vector25.o)

.text           0x00000000        0x0
 .text          0x00000000        0x0 c:/program files/microchip/xc32/v1.41/bin/bin/../../lib/gcc/pic32mx/4.8.3/../../../../pic32mx/lib/size/micromips\libpic32.a(vector24.o)

.text           0x00000000        0x0
 .text          0x00000000        0x0 c:/program files/microchip/xc32/v1.41/bin/bin/../../lib/gcc/pic32mx/4.8.3/../../../../pic32mx/lib/size/micromips\libpic32.a(vector23.o)

.text           0x00000000        0x0
 .text          0x00000000        0x0 c:/program files/microchip/xc32/v1.41/bin/bin/../../lib/gcc/pic32mx/4.8.3/../../../../pic32mx/lib/size/micromips\libpic32.a(vector22.o)

.text           0x00000000        0x0
 .text          0x00000000        0x0 c:/program files/microchip/xc32/v1.41/bin/bin/../../lib/gcc/pic32mx/4.8.3/../../../../pic32mx/lib/size/micromips\libpic32.a(vector21.o)

.text           0x00000000        0x0
 .text          0x00000000        0x0 c:/program files/microchip/xc32/v1.41/bin/bin/../../lib/gcc/pic32mx/4.8.3/../../../../pic32mx/lib/size/micromips\libpic32.a(vector20.o)

.text           0x00000000        0x0
 .text          0x00000000        0x0 c:/program files/microchip/xc32/v1.41/bin/bin/../../lib/gcc/pic32mx/4.8.3/../../../../pic32mx/lib/size/micromips\libpic32.a(vector19.o)

.text           0x00000000        0x0
 .text          0x00000000        0x0 c:/program files/microchip/xc32/v1.41/bin/bin/../../lib/gcc/pic32mx/4.8.3/../../../../pic32mx/lib/size/micromips\libpic32.a(vector18.o)

.text           0x00000000        0x0
 .text          0x00000000        0x0 c:/program files/microchip/xc32/v1.41/bin/bin/../../lib/gcc/pic32mx/4.8.3/../../../../pic32mx/lib/size/micromips\libpic32.a(vector17.o)

.text           0x00000000        0x0
 .text          0x00000000        0x0 c:/program files/microchip/xc32/v1.41/bin/bin/../../lib/gcc/pic32mx/4.8.3/../../../../pic32mx/lib/size/micromips\libpic32.a(vector16.o)

.text           0x00000000        0x0
 .text          0x00000000        0x0 c:/program files/microchip/xc32/v1.41/bin/bin/../../lib/gcc/pic32mx/4.8.3/../../../../pic32mx/lib/size/micromips\libpic32.a(vector15.o)

.text           0x00000000        0x0
 .text          0x00000000        0x0 c:/program files/microchip/xc32/v1.41/bin/bin/../../lib/gcc/pic32mx/4.8.3/../../../../pic32mx/lib/size/micromips\libpic32.a(vector14.o)

.text           0x00000000        0x0
 .text          0x00000000        0x0 c:/program files/microchip/xc32/v1.41/bin/bin/../../lib/gcc/pic32mx/4.8.3/../../../../pic32mx/lib/size/micromips\libpic32.a(vector13.o)

.text           0x00000000        0x0
 .text          0x00000000        0x0 c:/program files/microchip/xc32/v1.41/bin/bin/../../lib/gcc/pic32mx/4.8.3/../../../../pic32mx/lib/size/micromips\libpic32.a(vector12.o)

.text           0x00000000        0x0
 .text          0x00000000        0x0 c:/program files/microchip/xc32/v1.41/bin/bin/../../lib/gcc/pic32mx/4.8.3/../../../../pic32mx/lib/size/micromips\libpic32.a(vector11.o)

.text           0x00000000        0x0
 .text          0x00000000        0x0 c:/program files/microchip/xc32/v1.41/bin/bin/../../lib/gcc/pic32mx/4.8.3/../../../../pic32mx/lib/size/micromips\libpic32.a(vector10.o)

.text           0x00000000        0x0
 .text          0x00000000        0x0 c:/program files/microchip/xc32/v1.41/bin/bin/../../lib/gcc/pic32mx/4.8.3/../../../../pic32mx/lib/size/micromips\libpic32.a(vector9.o)

.text           0x00000000        0x0
 .text          0x00000000        0x0 c:/program files/microchip/xc32/v1.41/bin/bin/../../lib/gcc/pic32mx/4.8.3/../../../../pic32mx/lib/size/micromips\libpic32.a(vector8.o)

.text           0x00000000        0x0
 .text          0x00000000        0x0 c:/program files/microchip/xc32/v1.41/bin/bin/../../lib/gcc/pic32mx/4.8.3/../../../../pic32mx/lib/size/micromips\libpic32.a(vector7.o)

.text           0x00000000        0x0
 .text          0x00000000        0x0 c:/program files/microchip/xc32/v1.41/bin/bin/../../lib/gcc/pic32mx/4.8.3/../../../../pic32mx/lib/size/micromips\libpic32.a(vector6.o)

.text           0x00000000        0x0
 .text          0x00000000        0x0 c:/program files/microchip/xc32/v1.41/bin/bin/../../lib/gcc/pic32mx/4.8.3/../../../../pic32mx/lib/size/micromips\libpic32.a(vector5.o)

.text           0x00000000        0x0
 .text          0x00000000        0x0 c:/program files/microchip/xc32/v1.41/bin/bin/../../lib/gcc/pic32mx/4.8.3/../../../../pic32mx/lib/size/micromips\libpic32.a(vector4.o)

.text           0x00000000        0x0
 .text          0x00000000        0x0 c:/program files/microchip/xc32/v1.41/bin/bin/../../lib/gcc/pic32mx/4.8.3/../../../../pic32mx/lib/size/micromips\libpic32.a(vector3.o)

.text           0x00000000        0x0
 .text          0x00000000        0x0 c:/program files/microchip/xc32/v1.41/bin/bin/../../lib/gcc/pic32mx/4.8.3/../../../../pic32mx/lib/size/micromips\libpic32.a(vector2.o)

.text           0x00000000        0x0
 .text          0x00000000        0x0 c:/program files/microchip/xc32/v1.41/bin/bin/../../lib/gcc/pic32mx/4.8.3/../../../../pic32mx/lib/size/micromips\libpic32.a(vector1.o)

.text           0x00000000        0x0
 .text          0x00000000        0x0 c:/program files/microchip/xc32/v1.41/bin/bin/../../lib/gcc/pic32mx/4.8.3/../../../../pic32mx/lib/size/micromips\libpic32.a(vector0.o)

.text           0x00000000        0x0
 .text          0x00000000        0x0 c:/program files/microchip/xc32/v1.41/bin/bin/../../lib/gcc/pic32mx/4.8.3/../../../../pic32mx/lib/size/micromips\libpic32.a(general-exception.o)

.text           0x00000000        0x0
 .text          0x00000000        0x0 c:/program files/microchip/xc32/v1.41/bin/bin/../../lib/gcc/pic32mx/4.8.3/../../../../pic32mx/lib/size/micromips\libpic32.a(default-on-bootstrap.o)

.text           0x00000000        0x0
 .text          0x00000000        0x0 c:/program files/microchip/xc32/v1.41/bin/bin/../../lib/gcc/pic32mx/4.8.3/../../../../pic32mx/lib/size/micromips\libpic32.a(default-on-reset.o)

.text           0x00000000        0x0
 .text          0x00000000        0x0 c:/program files/microchip/xc32/v1.41/bin/bin/../../lib/gcc/pic32mx/4.8.3/../../../../pic32mx/lib/size/micromips\libpic32.a(default-bootstrap-exception-handler.o)

.text           0x00000000        0x0
 .text          0x00000000        0x0 c:/program files/microchip/xc32/v1.41/bin/bin/../../lib/gcc/pic32mx/4.8.3/../../../../pic32mx/lib/./proc/32MM0064GPL036\processor.o

.text           0x00000000        0x0
 .text          0x00000000        0x0 c:/program files/microchip/xc32/v1.41/bin/bin/../../lib/gcc/pic32mx/4.8.3/../../../../pic32mx/lib/./proc/32MM0064GPL036\default_isr_vectors.o

.text           0x00000000        0x0
 .text          0x00000000        0x0 c:/program files/microchip/xc32/v1.41/bin/bin/../../lib/gcc/pic32mx/4.8.3/../../../../pic32mx/lib/size/micromips\debug-exception-return-mm.o

.text           0x00000000        0x0
 .text          0x00000000        0x0 c:/program files/microchip/xc32/v1.41/bin/bin/../../lib/gcc/pic32mx/4.8.3/../../../../pic32mx/lib/./proc/32MM0064GPL036/crt0_micromips.o
